Archive member included because of file (symbol)

/arm/arm-2009q3/bin/../lib/gcc/arm-none-linux-gnueabi/4.4.1/libgcc.a(_udivsi3.o)
                              arch/arm/cpu/armv7/s5p-common/libs5p-common.o (__aeabi_uidiv)
/arm/arm-2009q3/bin/../lib/gcc/arm-none-linux-gnueabi/4.4.1/libgcc.a(_divsi3.o)
                              common/libcommon.o (__aeabi_idiv)
/arm/arm-2009q3/bin/../lib/gcc/arm-none-linux-gnueabi/4.4.1/libgcc.a(_lshrdi3.o)
                              lib/libgeneric.o (__aeabi_llsr)
/arm/arm-2009q3/bin/../lib/gcc/arm-none-linux-gnueabi/4.4.1/libgcc.a(_ashldi3.o)
                              lib/libgeneric.o (__aeabi_llsl)
/arm/arm-2009q3/bin/../lib/gcc/arm-none-linux-gnueabi/4.4.1/libgcc.a(_dvmd_lnx.o)
                              /arm/arm-2009q3/bin/../lib/gcc/arm-none-linux-gnueabi/4.4.1/libgcc.a(_udivsi3.o) (__aeabi_idiv0)

Discarded input sections

 .data          0x00000000        0x0 arch/arm/cpu/armv7/start.o
 .bss           0x00000000        0x0 arch/arm/cpu/armv7/start.o
 .data          0x00000000        0x0 board/samsung/goni/lowlevel_init.o
 .bss           0x00000000        0x0 board/samsung/goni/lowlevel_init.o
 .data          0x00000000        0x0 board/samsung/goni/cpu_init.o
 .bss           0x00000000        0x0 board/samsung/goni/cpu_init.o
 .text          0x00000000        0x0 board/samsung/goni/movi.o
 .data          0x00000000        0x0 board/samsung/goni/movi.o
 .bss           0x00000000        0x0 board/samsung/goni/movi.o
 .text          0x00000000        0x0 arch/arm/cpu/armv7/libarmv7.o
 .text.__v7_outer_cache_enable
                0x00000000        0x4 arch/arm/cpu/armv7/libarmv7.o
 .text.__v7_outer_cache_disable
                0x00000000        0x4 arch/arm/cpu/armv7/libarmv7.o
 .text.__v7_outer_cache_inval_range
                0x00000000        0x4 arch/arm/cpu/armv7/libarmv7.o
 .text.mmu_page_table_flush
                0x00000000       0x10 arch/arm/cpu/armv7/libarmv7.o
 .text.invalidate_dcache_range
                0x00000000       0x24 arch/arm/cpu/armv7/libarmv7.o
 .text.sdelay   0x00000000        0xc arch/arm/cpu/armv7/libarmv7.o
 .text.sr32     0x00000000       0x20 arch/arm/cpu/armv7/libarmv7.o
 .text.wait_on_value
                0x00000000       0x34 arch/arm/cpu/armv7/libarmv7.o
 .data          0x00000000        0x0 arch/arm/cpu/armv7/libarmv7.o
 .bss           0x00000000        0x0 arch/arm/cpu/armv7/libarmv7.o
 .text          0x00000000        0x0 arch/arm/cpu/armv7/s5p-common/libs5p-common.o
 .text.get_device_type
                0x00000000       0x10 arch/arm/cpu/armv7/s5p-common/libs5p-common.o
 .text.timer_get_us
                0x00000000       0x54 arch/arm/cpu/armv7/s5p-common/libs5p-common.o
 .text.s5p_config_sromc
                0x00000000       0x4c arch/arm/cpu/armv7/s5p-common/libs5p-common.o
 .text.pwm_disable
                0x00000000       0x50 arch/arm/cpu/armv7/s5p-common/libs5p-common.o
 .data          0x00000000        0x0 arch/arm/cpu/armv7/s5p-common/libs5p-common.o
 .data.s5p_cpu_rev
                0x00000000        0x4 arch/arm/cpu/armv7/s5p-common/libs5p-common.o
 .bss           0x00000000        0x0 arch/arm/cpu/armv7/s5p-common/libs5p-common.o
 .bss.base_time_us.4128
                0x00000000        0x4 arch/arm/cpu/armv7/s5p-common/libs5p-common.o
 .text.set_mmc_clk
                0x00000000        0x4 arch/arm/cpu/armv7/s5pc1xx/libs5pc1xx.o
 .data          0x00000000        0x0 arch/arm/cpu/armv7/s5pc1xx/libs5pc1xx.o
 .bss           0x00000000        0x0 arch/arm/cpu/armv7/s5pc1xx/libs5pc1xx.o
 .text.__red_led_off
                0x00000000        0x4 arch/arm/lib/libarm.o
 .text.__green_led_on
                0x00000000        0x4 arch/arm/lib/libarm.o
 .text.__green_led_off
                0x00000000        0x4 arch/arm/lib/libarm.o
 .text.__yellow_led_on
                0x00000000        0x4 arch/arm/lib/libarm.o
 .text.__yellow_led_off
                0x00000000        0x4 arch/arm/lib/libarm.o
 .text.__blue_led_on
                0x00000000        0x4 arch/arm/lib/libarm.o
 .text.__blue_led_off
                0x00000000        0x4 arch/arm/lib/libarm.o
 .text.__dram_init_banksize
                0x00000000       0x1c arch/arm/lib/libarm.o
 .text.__arch_cpu_init
                0x00000000        0x8 arch/arm/lib/libarm.o
 .text.__power_init_board
                0x00000000        0x8 arch/arm/lib/libarm.o
 .text.__flush_cache
                0x00000000        0x4 arch/arm/lib/libarm.o
 .text.__flush_dcache_all
                0x00000000        0xc arch/arm/lib/libarm.o
 .text.__enable_caches
                0x00000000        0xc arch/arm/lib/libarm.o
 .text.__arm_init_before_mmu
                0x00000000        0x4 arch/arm/lib/libarm.o
 .text.__mmu_page_table_flush
                0x00000000        0x4 arch/arm/lib/libarm.o
 .text.mmu_set_region_dcache_behaviour
                0x00000000       0x50 arch/arm/lib/libarm.o
 .data          0x00000000        0x0 arch/arm/lib/libarm.o
[...]
Memory Configuration

Name             Origin             Length             Attributes
*default*        0x00000000         0xffffffff

Linker script and memory map

                0x00000000                . = 0x0
                0x00000000                . = ALIGN (0x4)

.text           0x34800000    0x1f6c8
 *(.__image_copy_start)
 .__image_copy_start
                0x34800000        0x0 arch/arm/lib/libarm.o
                0x34800000                __image_copy_start
 arch/arm/cpu/armv7/start.o(.text*)
 .text          0x34800000      0x420 arch/arm/cpu/armv7/start.o
                0x34800010                _start
                0x34800050                _end_vect
                0x34800050                _TEXT_BASE
                0x34800054                _bss_start_ofs
                0x34800058                _bss_end_ofs
                0x3480005c                _end_ofs
                0x34800060                _bss_start
                0x34800064                _bss_end
                0x34800068                IRQ_STACK_START_IN
                0x34800118                c_runtime_cpu_setup
                0x34800130                save_boot_params
                0x34800134                cpu_init_cp15
                0x3480016c                cpu_init_crit
 board/samsung/goni/lowlevel_init.o(.text*)
 .text          0x34800420      0x434 board/samsung/goni/lowlevel_init.o
                0x34800424                lowlevel_init
 board/samsung/goni/cpu_init.o(.text*)
 .text          0x34800854      0x3ec board/samsung/goni/cpu_init.o
                0x34800854                mem_ctrl_asm_init
 board/samsung/goni/movi.o(.text*)
 .text.movi_bl2_copy
                0x34800c40       0x70 board/samsung/goni/movi.o
                0x34800c40                movi_bl2_copy
 *(.text*)
 .text.get_ccsidr
                0x34800cb0        0x8 arch/arm/cpu/armv7/libarmv7.o
 .text.v7_inval_tlb
                0x34800cb8       0x1c arch/arm/cpu/armv7/libarmv7.o
 .text.invalidate_icache_all
                0x34800cd4       0x18 arch/arm/cpu/armv7/libarmv7.o
                0x34800cd4                invalidate_icache_all
 .text.__v7_outer_cache_flush_all
                0x34800cec        0x4 arch/arm/cpu/armv7/libarmv7.o
                0x34800cec                __v7_outer_cache_flush_all
                0x34800cec                v7_outer_cache_flush_all
 .text.__v7_outer_cache_inval_all
                0x34800cf0        0x4 arch/arm/cpu/armv7/libarmv7.o
                0x34800cf0                v7_outer_cache_inval_all
                0x34800cf0                __v7_outer_cache_inval_all
 .text.__v7_outer_cache_flush_range
                0x34800cf4        0x4 arch/arm/cpu/armv7/libarmv7.o
                0x34800cf4                v7_outer_cache_flush_range
                0x34800cf4                __v7_outer_cache_flush_range
 .text.v7_dcache_maint_range
                0x34800cf8       0xcc arch/arm/cpu/armv7/libarmv7.o
 .text.flush_dcache_range
                0x34800dc4       0x24 arch/arm/cpu/armv7/libarmv7.o
                0x34800dc4                flush_dcache_range
 .text.flush_cache
                0x34800de8        0x8 arch/arm/cpu/armv7/libarmv7.o
                0x34800de8                flush_cache
 .text.v7_maint_dcache_all
                0x34800df0       0xe0 arch/arm/cpu/armv7/libarmv7.o
 .text.flush_dcache_all
                0x34800ed0       0x14 arch/arm/cpu/armv7/libarmv7.o
                0x34800ed0                flush_dcache_all
 .text.invalidate_dcache_all
                0x34800ee4       0x14 arch/arm/cpu/armv7/libarmv7.o
                0x34800ee4                invalidate_dcache_all
 .text.arm_init_before_mmu
                0x34800ef8       0x14 arch/arm/cpu/armv7/libarmv7.o
                0x34800ef8                arm_init_before_mmu
 .text.cpu_cache_initialization
                0x34800f0c        0x4 arch/arm/cpu/armv7/libarmv7.o
                0x34800f0c                cpu_cache_initialization
 .text.cleanup_before_linux
                0x34800f10       0x28 arch/arm/cpu/armv7/libarmv7.o
                0x34800f10                cleanup_before_linux
 .text.arch_cpu_init
                0x34800f38       0x24 arch/arm/cpu/armv7/s5p-common/libs5p-common.o
                0x34800f38                arch_cpu_init
 .text.print_cpuinfo
                0x34800f5c       0x4c arch/arm/cpu/armv7/s5p-common/libs5p-common.o
                0x34800f5c                print_cpuinfo
 .text.timer_get_us_down
                0x34800fa8       0x34 arch/arm/cpu/armv7/s5p-common/libs5p-common.o
 .text.__udelay
                0x34800fdc       0x24 arch/arm/cpu/armv7/s5p-common/libs5p-common.o
                0x34800fdc                __udelay
 .text.reset_timer_masked
                0x34801000       0x40 arch/arm/cpu/armv7/s5p-common/libs5p-common.o
                0x34801000                reset_timer_masked
 .text.get_tbclk
                0x34801040        0x8 arch/arm/cpu/armv7/s5p-common/libs5p-common.o
                0x34801040                get_tbclk
 .text.get_timer
                0x34801048       0x68 arch/arm/cpu/armv7/s5p-common/libs5p-common.o
                0x34801048                get_timer
 .text.get_ticks
                0x348010b0       0x14 arch/arm/cpu/armv7/s5p-common/libs5p-common.o
                0x348010b0                get_ticks
 .text.timer_init
                0x348010c4       0x54 arch/arm/cpu/armv7/s5p-common/libs5p-common.o
                0x348010c4                timer_init
 .text.pwm_enable
                0x34801118       0x54 arch/arm/cpu/armv7/s5p-common/libs5p-common.o
                0x34801118                pwm_enable
 .text.pwm_init
                0x3480116c      0x104 arch/arm/cpu/armv7/s5p-common/libs5p-common.o
                0x3480116c                pwm_init
 .text.pwm_config
                0x34801270      0x164 arch/arm/cpu/armv7/s5p-common/libs5p-common.o
                0x34801270                pwm_config
 *fill*         0x348013d4        0xc 00
 .text          0x348013e0       0x7c arch/arm/cpu/armv7/s5pc1xx/libs5pc1xx.o
                0x348013e0                v7_outer_cache_enable
                0x348013f4                v7_outer_cache_disable
                0x34801420                reset_cpu
 .text.get_pll_clk
                0x3480145c      0x160 arch/arm/cpu/armv7/s5pc1xx/libs5pc1xx.o
                0x3480145c                get_pll_clk
 .text.s5pc100_get_pclk
                0x348015bc       0x58 arch/arm/cpu/armv7/s5pc1xx/libs5pc1xx.o
 .text.get_arm_clk
                0x34801614       0x7c arch/arm/cpu/armv7/s5pc1xx/libs5pc1xx.o
                0x34801614                get_arm_clk
 .text.s5pc110_get_pclk
                0x34801690       0x80 arch/arm/cpu/armv7/s5pc1xx/libs5pc1xx.o
 .text.get_uart_clk
                0x34801710       0x20 arch/arm/cpu/armv7/s5pc1xx/libs5pc1xx.o
                0x34801710                get_uart_clk
 .text.get_pwm_clk
                0x34801730       0x20 arch/arm/cpu/armv7/s5pc1xx/libs5pc1xx.o
                0x34801730                get_pwm_clk
 .text          0x34801750       0xe4 arch/arm/lib/libarm.o
                0x34801750                _main
                0x348017d0                relocate_code
 .text.__coloured_LED_init
                0x34801834        0x4 arch/arm/lib/libarm.o
                0x34801834                coloured_LED_init
                0x34801834                __coloured_LED_init
 .text.__red_led_on
                0x34801838        0x4 arch/arm/lib/libarm.o
                0x34801838                __red_led_on
                0x34801838                red_led_on
 .text.init_func_i2c
                0x3480183c       0x28 arch/arm/lib/libarm.o
 .text.display_banner
                0x34801864       0x20 arch/arm/lib/libarm.o
 .text.init_baudrate
                0x34801884       0x2c arch/arm/lib/libarm.o
 .text.mark_bootstage
                0x348018b0       0x14 arch/arm/lib/libarm.o
 .text.board_init_r
                0x348018c4       0xac arch/arm/lib/libarm.o
                0x348018c4                board_init_r
 .text.board_init_f
                0x34801970      0x134 arch/arm/lib/libarm.o
                0x34801970                board_init_f
 .text.setup_board_tags
                0x34801aa4        0x4 arch/arm/lib/libarm.o
                0x34801aa4                setup_board_tags
 .text.boot_prep_linux
                0x34801aa8      0x174 arch/arm/lib/libarm.o
 .text.boot_jump_linux
                0x34801c1c       0xa0 arch/arm/lib/libarm.o
 .text.do_bootm_linux
                0x34801cbc       0x64 arch/arm/lib/libarm.o
                0x34801cbc                do_bootm_linux
 .text.arch_lmb_reserve
                0x34801d20       0x24 arch/arm/lib/libarm.o
                0x34801d20                arch_lmb_reserve
 .text.interrupt_init
                0x34801d44       0x1c arch/arm/lib/libarm.o
                0x34801d44                interrupt_init
 .text.enable_interrupts
                0x34801d60        0x4 arch/arm/lib/libarm.o
                0x34801d60                enable_interrupts
 .text.disable_interrupts
                0x34801d64        0x8 arch/arm/lib/libarm.o
                0x34801d64                disable_interrupts
 .text.show_regs
                0x34801d6c      0x140 arch/arm/lib/libarm.o
                0x34801d6c                show_regs
 .text.bad_mode
                0x34801eac       0x10 arch/arm/lib/libarm.o
                0x34801eac                bad_mode
 .text.do_irq   0x34801ebc       0x24 arch/arm/lib/libarm.o
                0x34801ebc                do_irq
 .text.do_fiq   0x34801ee0       0x24 arch/arm/lib/libarm.o
                0x34801ee0                do_fiq
 .text.do_not_used
                0x34801f04       0x24 arch/arm/lib/libarm.o
                0x34801f04                do_not_used
 .text.do_data_abort
                0x34801f28       0x24 arch/arm/lib/libarm.o
                0x34801f28                do_data_abort
 .text.do_prefetch_abort
                0x34801f4c       0x24 arch/arm/lib/libarm.o
                0x34801f4c                do_prefetch_abort
 .text.do_software_interrupt
                0x34801f70       0x24 arch/arm/lib/libarm.o
                0x34801f70                do_software_interrupt
 .text.do_undefined_instruction
                0x34801f94       0x24 arch/arm/lib/libarm.o
                0x34801f94                do_undefined_instruction
 .text.do_reset
                0x34801fb8       0x2c arch/arm/lib/libarm.o
                0x34801fb8                do_reset
 .text.arm_init_domains
                0x34801fe4        0x4 arch/arm/lib/libarm.o
                0x34801fe4                arm_init_domains
 .text.cp_delay
                0x34801fe8       0x30 arch/arm/lib/libarm.o
 .text.set_section_dcache
                0x34802018       0x14 arch/arm/lib/libarm.o
                0x34802018                set_section_dcache
 .text.dram_bank_mmu_setup
                0x3480202c       0x4c arch/arm/lib/libarm.o
                0x3480202c                dram_bank_mmu_setup
 .text.cache_enable
                0x34802078       0x80 arch/arm/lib/libarm.o
 .text.icache_enable
                0x348020f8        0x8 arch/arm/lib/libarm.o
                0x348020f8                icache_enable
 .text.icache_status
                0x34802100        0xc arch/arm/lib/libarm.o
                0x34802100                icache_status
 .text.dcache_enable
                0x3480210c        0x8 arch/arm/lib/libarm.o
                0x3480210c                dcache_enable
 .text.dcache_status
                0x34802114        0xc arch/arm/lib/libarm.o
                0x34802114                dcache_status
 .text.cache_disable
                0x34802120       0x44 arch/arm/lib/libarm.o
 .text.dcache_disable
                0x34802164        0x8 arch/arm/lib/libarm.o
                0x34802164                dcache_disable
 .text.icache_disable
                0x3480216c        0x8 arch/arm/lib/libarm.o
                0x3480216c                icache_disable
 .text.print_num
                0x34802174       0x14 common/libcommon.o
 .text.do_bdinfo
                0x34802188      0x19c common/libcommon.o
                0x34802188                do_bdinfo
 .text.do_go_exec
                0x34802324       0x18 common/libcommon.o
                0x34802324                do_go_exec
 .text.do_go    0x3480233c       0x70 common/libcommon.o
 .text.__arch_preboot_os
                0x348023ac        0x4 common/libcommon.o
                0x348023ac                arch_preboot_os
 .text.image_info
                0x348023b0       0xe4 common/libcommon.o
 .text.do_iminfo
                0x34802494       0x60 common/libcommon.o
 .text.do_bootd
                0x348024f4       0x24 common/libcommon.o
                0x348024f4                do_bootd
 .text.copy_args
                0x34802518       0x54 common/libcommon.o
 .text.do_bootm_plan9
                0x3480256c       0xb8 common/libcommon.o
 .text.do_bootm_rtems
                0x34802624       0x4c common/libcommon.o
 .text.do_bootm_netbsd
                0x34802670       0xfc common/libcommon.o
 .text.T.122    0x3480276c      0x840 common/libcommon.o
 .text.do_bootm
                0x34802fac       0xd4 common/libcommon.o
                0x34802fac                do_bootm
 .text.bootm_maybe_autostart
                0x34803080       0x74 common/libcommon.o
                0x34803080                bootm_maybe_autostart
 .text.parse_argv
                0x348030f4       0x58 common/libcommon.o
 .text.do_dcache
                0x3480314c       0x8c common/libcommon.o
                0x3480314c                do_dcache
 .text.do_icache
                0x348031d8       0x8c common/libcommon.o
                0x348031d8                do_icache
 .text.do_coninfo
                0x34803264       0xf0 common/libcommon.o
 .text.do_echo  0x34803354       0xac common/libcommon.o
 .text.do_exit  0x34803400       0x30 common/libcommon.o
 .text.do_ext2load
                0x34803430       0x14 common/libcommon.o
                0x34803430                do_ext2load
 .text.do_ext2ls
                0x34803444       0x14 common/libcommon.o
                0x34803444                do_ext2ls
 .text.do_fat_fsinfo
                0x34803458       0x94 common/libcommon.o
 .text.do_fat_ls
                0x348034ec       0x14 common/libcommon.o
 .text.do_fat_fsload
                0x34803500       0x14 common/libcommon.o
                0x34803500                do_fat_fsload
 .text.do_help  0x34803514       0x48 common/libcommon.o
 .text.evalstr  0x3480355c       0x1c common/libcommon.o
 .text.evalexp  0x34803578       0x6c common/libcommon.o
 .text.binary_test
                0x348035e4      0x1c0 common/libcommon.o
 .text.do_itest
                0x348037a4       0x8c common/libcommon.o
 .text.ktrans   0x34803830       0x20 common/libcommon.o
 .text.bin_data_init
                0x34803850       0x2c common/libcommon.o
 .text.bin_data_char
                0x3480387c       0x28 common/libcommon.o
 .text.k_data_save
                0x348038a4       0x4c common/libcommon.o
 .text.k_data_restore
                0x348038f0       0x4c common/libcommon.o
 .text.load_serial_ymodem
                0x3480393c       0xec common/libcommon.o
 .text.getcxmodem
                0x34803a28       0x20 common/libcommon.o
 .text.T.117    0x34803a48       0x58 common/libcommon.o
 .text.load_serial
                0x34803aa0      0x1d8 common/libcommon.o
 .text.do_load_serial
                0x34803c78       0xe0 common/libcommon.o
 .text.T.119    0x34803d58       0x34 common/libcommon.o
 .text.do_load_serial_bin
                0x34803d8c      0x7a4 common/libcommon.o
 .text.do_mem_loop
                0x34804530       0xf4 common/libcommon.o
 .text.do_mem_mw
                0x34804624       0xb8 common/libcommon.o
 .text.do_mem_base
                0x348046dc       0x44 common/libcommon.o
 .text.do_mem_cmp
                0x34804720      0x150 common/libcommon.o
 .text.do_mem_crc
                0x34804870       0x44 common/libcommon.o
 .text.do_mem_cp
                0x348048b4       0xcc common/libcommon.o
 .text.mod_mem  0x34804980      0x160 common/libcommon.o
 .text.do_mem_nm
                0x34804ae0       0x20 common/libcommon.o
 .text.do_mem_mm
                0x34804b00       0x20 common/libcommon.o
 .text.do_mem_md
                0x34804b20       0xe0 common/libcommon.o
 .text.do_mmcinfo
                0x34804c00      0x170 common/libcommon.o
                0x34804c00                do_mmcinfo
 .text.do_mmcops
                0x34804d70      0x304 common/libcommon.o
                0x34804d70                do_mmcops
 .text.device_find
                0x34805074       0x4c common/libcommon.o
                0x34805074                device_find
 .text.mtd_part_info
                0x348050c0       0x94 common/libcommon.o
 .text.memsize_format
                0x34805154       0xa0 common/libcommon.o
 .text.index_partitions
                0x348051f4       0xb0 common/libcommon.o
 .text.current_save
                0x348052a4       0xbc common/libcommon.o
 .text.part_sort_add
                0x34805360      0x168 common/libcommon.o
 .text.part_delall
                0x348054c8       0x48 common/libcommon.o
 .text.device_del
                0x34805510       0x80 common/libcommon.o
 .text.memsize_parse
                0x34805590       0x80 common/libcommon.o
 .text.get_mtd_info
                0x34805610       0x80 common/libcommon.o
 .text.part_validate
                0x34805690      0x36c common/libcommon.o
 .text.device_parse
                0x348059fc      0x528 common/libcommon.o
 .text.mtd_id_parse
                0x34805f24      0x114 common/libcommon.o
                0x34805f24                mtd_id_parse
 .text.find_dev_and_part
                0x34806038      0x1b0 common/libcommon.o
                0x34806038                find_dev_and_part
 .text.T.228    0x348061e8       0x68 common/libcommon.o
 .text.mtd_devices_init
                0x34806250       0x2c common/libcommon.o
 .text.mtdparts_init
                0x3480627c      0x6a4 common/libcommon.o
                0x3480627c                mtdparts_init
 .text.do_chpart
                0x34806920       0xd0 common/libcommon.o
 .text.T.227    0x348069f0      0x2ec common/libcommon.o
 .text.do_mtdparts
                0x34806cdc      0x5ec common/libcommon.o
 .text.do_ping  0x348072c8       0x74 common/libcommon.o
 .text.netboot_common
                0x3480733c      0x2a0 common/libcommon.o
 .text.do_bootp
                0x348075dc        0xc common/libcommon.o
 .text.do_tftpb
                0x348075e8       0x40 common/libcommon.o
                0x348075e8                do_tftpb
 .text.get_env_id
                0x34807628       0x10 common/libcommon.o
                0x34807628                get_env_id
 .text.do_env_delete
                0x34807638       0xa0 common/libcommon.o
 .text._do_env_set
                0x348076d8      0x1cc common/libcommon.o
 .text.do_env_set
                0x348078a4       0x20 common/libcommon.o
 .text.setenv   0x348078c4       0x60 common/libcommon.o
                0x348078c4                setenv
 .text.env_print
                0x34807924       0xd0 common/libcommon.o
 .text.do_env_print
                0x348079f4       0xcc common/libcommon.o
 .text.setenv_hex
                0x34807ac0       0x38 common/libcommon.o
                0x34807ac0                setenv_hex
 .text.do_env   0x34807af8       0x5c common/libcommon.o
 .text.do_env_import
                0x34807b54      0x250 common/libcommon.o
 .text.do_env_export
                0x34807da4      0x250 common/libcommon.o
 .text.do_env_default
                0x34807ff4       0xa8 common/libcommon.o
 .text.do_env_save
                0x3480809c       0x2c common/libcommon.o
 .text.envmatch
                0x348080c8       0x64 common/libcommon.o
                0x348080c8                envmatch
 .text.getenv_f
                0x3480812c       0xb8 common/libcommon.o
                0x3480812c                getenv_f
 .text.getenv   0x348081e4       0x80 common/libcommon.o
                0x348081e4                getenv
 .text.do_env_edit
                0x34808264       0x74 common/libcommon.o
 .text.getenv_ulong
                0x348082d8       0x30 common/libcommon.o
                0x348082d8                getenv_ulong
 .text.setenv_ulong
                0x34808308       0x20 common/libcommon.o
                0x34808308                setenv_ulong
 .text.do_reginfo
                0x34808328        0x8 common/libcommon.o
 .text.source   0x34808330      0x108 common/libcommon.o
                0x34808330                source
 .text.do_source
                0x34808438       0x44 common/libcommon.o
                0x34808438                do_source
 .text.do_false
                0x3480847c        0x8 common/libcommon.o
 .text.do_true  0x34808484        0x8 common/libcommon.o
 .text.do_test  0x3480848c      0x470 common/libcommon.o
 .text.do_version
                0x348088fc       0x38 common/libcommon.o
 .text.cmd_get_data_size
                0x34808934       0x50 common/libcommon.o
                0x34808934                cmd_get_data_size
 .text.cmd_usage
                0x34808984       0x5c common/libcommon.o
                0x34808984                cmd_usage
 .text.find_cmd_tbl
                0x348089e0       0x9c common/libcommon.o
                0x348089e0                find_cmd_tbl
 .text.find_cmd
                0x34808a7c       0x28 common/libcommon.o
                0x34808a7c                find_cmd
 .text.cmd_process
                0x34808aa4       0xf4 common/libcommon.o
                0x34808aa4                cmd_process
 .text._do_help
                0x34808b98      0x180 common/libcommon.o
                0x34808b98                _do_help
 .text.console_setfile
                0x34808d18       0xa0 common/libcommon.o
 .text.fgetc    0x34808db8       0x28 common/libcommon.o
                0x34808db8                fgetc
 .text.ftstc    0x34808de0       0x28 common/libcommon.o
                0x34808de0                ftstc
 .text.fputc    0x34808e08       0x2c common/libcommon.o
                0x34808e08                fputc
 .text.fputs    0x34808e34       0x2c common/libcommon.o
                0x34808e34                fputs
 .text.had_ctrlc
                0x34808e60       0x10 common/libcommon.o
                0x34808e60                had_ctrlc
 .text.clear_ctrlc
                0x34808e70       0x14 common/libcommon.o
                0x34808e70                clear_ctrlc
 .text.console_init_f
                0x34808e84       0x10 common/libcommon.o
                0x34808e84                console_init_f
 .text.getc     0x34808e94       0x24 common/libcommon.o
                0x34808e94                getc
 .text.tstc     0x34808eb8       0x24 common/libcommon.o
                0x34808eb8                tstc
 .text.ctrlc    0x34808edc       0x5c common/libcommon.o
                0x34808edc                ctrlc
 .text.putc     0x34808f38       0x28 common/libcommon.o
                0x34808f38                putc
 .text.puts     0x34808f60       0x28 common/libcommon.o
                0x34808f60                puts
 .text.search_device
                0x34808f88       0x28 common/libcommon.o
                0x34808f88                search_device
 .text.console_assign
                0x34808fb0       0x40 common/libcommon.o
                0x34808fb0                console_assign
 .text.vprintf  0x34808ff0       0x40 common/libcommon.o
                0x34808ff0                vprintf
 .text.printf   0x34809030       0x50 common/libcommon.o
                0x34809030                printf
 .text.on_console
                0x34809080       0xb8 common/libcommon.o
 .text.stdio_print_current_devices
                0x34809138       0xb8 common/libcommon.o
                0x34809138                stdio_print_current_devices
 .text.console_init_r
                0x348091f0      0x154 common/libcommon.o
                0x348091f0                console_init_r
 .text.serial_printf
                0x34809344       0x48 common/libcommon.o
                0x34809344                serial_printf
 .text.mem_malloc_init
                0x3480938c       0x40 common/libcommon.o
                0x3480938c                mem_malloc_init
 .text.sbrk     0x348093cc       0x6c common/libcommon.o
                0x348093cc                sbrk
 .text.malloc_trim
                0x34809438       0xd8 common/libcommon.o
                0x34809438                malloc_trim
 .text.free     0x34809510      0x238 common/libcommon.o
                0x34809510                free
 .text.malloc   0x34809748      0x64c common/libcommon.o
                0x34809748                malloc
 .text.memalign
                0x34809d94      0x110 common/libcommon.o
                0x34809d94                memalign
 .text.calloc   0x34809ea4       0xe0 common/libcommon.o
                0x34809ea4                calloc
 .text.realloc  0x34809f84      0x478 common/libcommon.o
                0x34809f84                realloc
 .text.reverse_strstr
                0x3480a3fc       0x5c common/libcommon.o
 .text.env_attr_lookup
                0x3480a458      0x124 common/libcommon.o
                0x3480a458                env_attr_lookup
 .text.env_attr_walk
                0x3480a57c      0x110 common/libcommon.o
                0x3480a57c                env_attr_walk
 .text.clear_callback
                0x3480a68c       0x10 common/libcommon.o
 .text.on_callbacks
                0x3480a69c       0x48 common/libcommon.o
 .text.find_env_callback
                0x3480a6e4       0x5c common/libcommon.o
 .text.set_callback
                0x3480a740       0x90 common/libcommon.o
 .text.env_callback_init
                0x3480a7d0       0xa4 common/libcommon.o
                0x3480a7d0                env_callback_init
 .text.__env_get_char_spec
                0x3480a874        0xc common/libcommon.o
                0x3480a874                env_get_char_spec
 .text.env_get_addr
                0x3480a880       0x24 common/libcommon.o
                0x3480a880                env_get_addr
 .text.env_get_char_memory
                0x3480a8a4       0x10 common/libcommon.o
                0x3480a8a4                env_get_char_memory
 .text.env_get_char
                0x3480a8b4       0x30 common/libcommon.o
                0x3480a8b4                env_get_char
 .text.set_default_vars
                0x3480a8e4       0x38 common/libcommon.o
                0x3480a8e4                set_default_vars
 .text.set_default_env
                0x3480a91c       0xc0 common/libcommon.o
                0x3480a91c                set_default_env
 .text.env_relocate
                0x3480a9dc       0x30 common/libcommon.o
                0x3480a9dc                env_relocate
 .text.env_import
                0x3480aa0c       0xdc common/libcommon.o
                0x3480aa0c                env_import
 .text.getenv_default
                0x3480aae8       0x30 common/libcommon.o
                0x3480aae8                getenv_default
 .text.getenv_yesno
                0x3480ab18       0x4c common/libcommon.o
                0x3480ab18                getenv_yesno
 .text.skip_num
                0x3480ab64       0x78 common/libcommon.o
 .text.clear_flags
                0x3480abdc       0x10 common/libcommon.o
 .text.on_flags
                0x3480abec       0x48 common/libcommon.o
 .text.env_flags_validate
                0x3480ac34      0x318 common/libcommon.o
                0x3480ac34                env_flags_validate
 .text.env_flags_parse_varaccess
                0x3480af4c       0x50 common/libcommon.o
                0x3480af4c                env_flags_parse_varaccess
 .text.env_flags_parse_vartype
                0x3480af9c       0x4c common/libcommon.o
                0x3480af9c                env_flags_parse_vartype
 .text.env_parse_flags_to_bin
                0x3480afe8       0x2c common/libcommon.o
 .text.set_flags
                0x3480b014       0x8c common/libcommon.o
 .text.env_flags_init
                0x3480b0a0       0x90 common/libcommon.o
                0x3480b0a0                env_flags_init
 .text.mmc_get_env_addr
                0x3480b130       0x10 common/libcommon.o
                0x3480b130                mmc_get_env_addr
 .text.env_init
                0x3480b140       0x1c common/libcommon.o
                0x3480b140                env_init
 .text.init_mmc_for_env
                0x3480b15c       0x40 common/libcommon.o
 .text.env_relocate_spec
                0x3480b19c       0xc4 common/libcommon.o
                0x3480b19c                env_relocate_spec
 .text.saveenv  0x3480b260      0x174 common/libcommon.o
                0x3480b260                saveenv
 .text.dummy    0x3480b3d4        0x4 common/libcommon.o
 .text.get_version
                0x3480b3d8        0x8 common/libcommon.o
                0x3480b3d8                get_version
 .text.jumptable_init
                0x3480b3e0      0x1e0 common/libcommon.o
                0x3480b3e0                jumptable_init
 .text.hash_command
                0x3480b5c0       0xa4 common/libcommon.o
                0x3480b5c0                hash_command
 .text.b_reset  0x3480b664       0x1c common/libcommon.o
 .text.static_get
                0x3480b680       0x1c common/libcommon.o
 .text.static_peek
                0x3480b69c        0xc common/libcommon.o
 .text.file_peek
                0x3480b6a8        0xc common/libcommon.o
 .text.setup_string_in_str
                0x3480b6b4       0x2c common/libcommon.o
 .text.is_assignment
                0x3480b6e0       0x58 common/libcommon.o
 .text.mapset   0x3480b738       0x28 common/libcommon.o
 .text.syntax_err
                0x3480b760        0xc common/libcommon.o
 .text.do_showvar
                0x3480b76c       0xe8 common/libcommon.o
 .text.u_boot_hush_start
                0x3480b854       0x54 common/libcommon.o
                0x3480b854                u_boot_hush_start
 .text.xmalloc  0x3480b8a8       0x20 common/libcommon.o
 .text.new_pipe
                0x3480b8c8       0x28 common/libcommon.o
 .text.file_get
                0x3480b8f0      0x1d4 common/libcommon.o
 .text.free_pipe_list
                0x3480bac4       0xe0 common/libcommon.o
 .text.b_free   0x3480bba4       0x24 common/libcommon.o
 .text.xrealloc
                0x3480bbc8       0x20 common/libcommon.o
 .text.done_command
                0x3480bbe8       0x88 common/libcommon.o
 .text.initialize_context
                0x3480bc70       0x3c common/libcommon.o
 .text.done_pipe
                0x3480bcac       0x4c common/libcommon.o
 .text.done_word
                0x3480bcf8      0x280 common/libcommon.o
 .text.get_local_var
                0x3480bf78       0x98 common/libcommon.o
                0x3480bf78                get_local_var
 .text.set_local_var
                0x3480c010      0x1b4 common/libcommon.o
                0x3480c010                set_local_var
 .text.insert_var_value_sub
                0x3480c1c4      0x2bc common/libcommon.o
 .text.insert_var_value
                0x3480c480        0x8 common/libcommon.o
 .text.b_addchr
                0x3480c488       0x78 common/libcommon.o
 .text.b_addqchr
                0x3480c500       0x4c common/libcommon.o
 .text.parse_stream_outer
                0x3480c54c      0x6ac common/libcommon.o
 .text.parse_file_outer
                0x3480cbf8       0x44 common/libcommon.o
                0x3480cbf8                parse_file_outer
 .text.parse_string_outer
                0x3480cc3c       0xc8 common/libcommon.o
                0x3480cc3c                parse_string_outer
 .text.run_list_real
                0x3480cd04      0x794 common/libcommon.o
 .text.image_multi_count
                0x3480d498       0x24 common/libcommon.o
                0x3480d498                image_multi_count
 .text.get_table_entry_name
                0x3480d4bc       0x2c common/libcommon.o
                0x3480d4bc                get_table_entry_name
 .text.genimg_get_os_name
                0x3480d4e8       0x18 common/libcommon.o
                0x3480d4e8                genimg_get_os_name
 .text.genimg_get_arch_name
                0x3480d500       0x18 common/libcommon.o
                0x3480d500                genimg_get_arch_name
 .text.genimg_get_type_name
                0x3480d518       0x18 common/libcommon.o
                0x3480d518                genimg_get_type_name
 .text.genimg_get_comp_name
                0x3480d530       0x18 common/libcommon.o
                0x3480d530                genimg_get_comp_name
 .text.genimg_get_image
                0x3480d548        0x4 common/libcommon.o
                0x3480d548                genimg_get_image
 .text.on_loadaddr
                0x3480d54c       0x38 common/libcommon.o
 .text.getenv_bootm_low
                0x3480d584       0x30 common/libcommon.o
                0x3480d584                getenv_bootm_low
 .text.genimg_get_format
                0x3480d5b4       0x34 common/libcommon.o
                0x3480d5b4                genimg_get_format
 .text.image_multi_getimg
                0x3480d5e8       0xa8 common/libcommon.o
                0x3480d5e8                image_multi_getimg
 .text.genimg_print_size
                0x3480d690       0x30 common/libcommon.o
                0x3480d690                genimg_print_size
 .text.image_print_contents
                0x3480d6c0      0x1ac common/libcommon.o
                0x3480d6c0                image_print_contents
 .text.memmove_wd
                0x3480d86c        0xc common/libcommon.o
                0x3480d86c                memmove_wd
 .text.boot_ramdisk_high
                0x3480d878      0x12c common/libcommon.o
                0x3480d878                boot_ramdisk_high
 .text.getenv_bootm_size
                0x3480d9a4       0x5c common/libcommon.o
                0x3480d9a4                getenv_bootm_size
 .text.image_check_dcrc
                0x3480da00       0x60 common/libcommon.o
                0x3480da00                image_check_dcrc
 .text.image_check_hcrc
                0x3480da60       0x68 common/libcommon.o
                0x3480da60                image_check_hcrc
 .text.boot_get_ramdisk
                0x3480dac8      0x270 common/libcommon.o
                0x3480dac8                boot_get_ramdisk
 .text.__show_boot_progress
                0x3480dd38        0x4 common/libcommon.o
                0x3480dd38                __show_boot_progress
                0x3480dd38                show_boot_progress
 .text.run_command_list
                0x3480dd3c       0x5c common/libcommon.o
                0x3480dd3c                run_command_list
 .text.run_command
                0x3480dd98        0x8 common/libcommon.o
                0x3480dd98                run_command
 .text.do_run   0x3480dda0       0x70 common/libcommon.o
                0x3480dda0                do_run
 .text.delete_char
                0x3480de10       0xdc common/libcommon.o
 .text.cread_add_char
                0x3480deec       0xec common/libcommon.o
 .text.cread_add_str
                0x3480dfd8       0x54 common/libcommon.o
 .text.readline_into_buffer
                0x3480e02c      0x8fc common/libcommon.o
                0x3480e02c                readline_into_buffer
 .text.readline
                0x3480e928       0x1c common/libcommon.o
                0x3480e928                readline
 .text.main_loop
                0x3480e944      0x12c common/libcommon.o
                0x3480e944                main_loop
 .text.hex1_bin
                0x3480ea70       0x40 common/libcommon.o
 .text.hex2_bin
                0x3480eab0       0x34 common/libcommon.o
 .text.srec_decode
                0x3480eae4      0x264 common/libcommon.o
                0x3480eae4                srec_decode
 .text.stdio_get_list
                0x3480ed48        0xc common/libcommon.o
                0x3480ed48                stdio_get_list
 .text.stdio_clone
                0x3480ed54       0x38 common/libcommon.o
                0x3480ed54                stdio_clone
 .text.stdio_register
                0x3480ed8c       0x40 common/libcommon.o
                0x3480ed8c                stdio_register
 .text.stdio_init
                0x3480edcc       0x94 common/libcommon.o
                0x3480edcc                stdio_init
 .text.stdio_get_by_name
                0x3480ee60       0x54 common/libcommon.o
                0x3480ee60                stdio_get_by_name
 .text.xyzModem_error
                0x3480eeb4       0x20 common/libcommon.o
                0x3480eeb4                xyzModem_error
 .text.CYGACC_COMM_IF_PUTC
                0x3480eed4        0x8 common/libcommon.o
 .text.CYGACC_COMM_IF_GETC_TIMEOUT
                0x3480eedc       0x58 common/libcommon.o
 .text.xyzModem_flush
                0x3480ef34       0x28 common/libcommon.o
 .text.xyzModem_stream_terminate
                0x3480ef5c       0xd4 common/libcommon.o
                0x3480ef5c                xyzModem_stream_terminate
 .text.xyzModem_stream_close
                0x3480f030       0x50 common/libcommon.o
                0x3480f030                xyzModem_stream_close
 .text.xyzModem_get_hdr
                0x3480f080      0x27c common/libcommon.o
 .text.xyzModem_stream_read
                0x3480f2fc      0x288 common/libcommon.o
                0x3480f2fc                xyzModem_stream_read
 .text.xyzModem_stream_open
                0x3480f584      0x280 common/libcommon.o
                0x3480f584                xyzModem_stream_open
 .text.get_dev  0x3480f804       0x6c disk/libdisk.o
                0x3480f804                get_dev
 .text.get_device
                0x3480f870       0x88 disk/libdisk.o
                0x3480f870                get_device
 .text.get_partition_info
                0x3480f8f8       0x24 disk/libdisk.o
                0x3480f8f8                get_partition_info
 .text.get_device_and_partition
                0x3480f91c      0x46c disk/libdisk.o
                0x3480f91c                get_device_and_partition
 .text.init_part
                0x3480fd88       0x20 disk/libdisk.o
                0x3480fd88                init_part
 .text.dev_print
                0x3480fda8      0x220 disk/libdisk.o
                0x3480fda8                dev_print
 .text.get_partition_info_extended
                0x3480ffc8      0x2b0 disk/libdisk.o
 .text.get_partition_info_dos
                0x34810278       0x2c disk/libdisk.o
                0x34810278                get_partition_info_dos
 .text.test_block_type
                0x348102a4       0x80 disk/libdisk.o
 .text.test_part_dos
                0x34810324       0x64 disk/libdisk.o
                0x34810324                test_part_dos
 .text.s5p_gpio_cfg_pin
                0x34810388       0x1c drivers/gpio/libgpio.o
                0x34810388                s5p_gpio_cfg_pin
 .text.s5p_gpio_direction_input
                0x348103a4        0x8 drivers/gpio/libgpio.o
                0x348103a4                s5p_gpio_direction_input
 .text.s5p_gpio_set_value
                0x348103ac       0x20 drivers/gpio/libgpio.o
                0x348103ac                s5p_gpio_set_value
 .text.s5p_gpio_direction_output
                0x348103cc       0x2c drivers/gpio/libgpio.o
                0x348103cc                s5p_gpio_direction_output
 .text.s5p_gpio_get_value
                0x348103f8       0x18 drivers/gpio/libgpio.o
                0x348103f8                s5p_gpio_get_value
 .text.s5p_gpio_get_bank
                0x34810410       0x14 drivers/gpio/libgpio.o
                0x34810410                s5p_gpio_get_bank
 .text.s5p_gpio_get_pin
                0x34810424        0x8 drivers/gpio/libgpio.o
                0x34810424                s5p_gpio_get_pin
 .text.gpio_request
                0x3481042c        0x8 drivers/gpio/libgpio.o
                0x3481042c                gpio_request
 .text.gpio_direction_input
                0x34810434       0x2c drivers/gpio/libgpio.o
                0x34810434                gpio_direction_input
 .text.gpio_direction_output
                0x34810460       0x34 drivers/gpio/libgpio.o
                0x34810460                gpio_direction_output
 .text.gpio_get_value
                0x34810494       0x28 drivers/gpio/libgpio.o
                0x34810494                gpio_get_value
 .text.__def_i2c_init_board
                0x348104bc        0x4 drivers/i2c/libi2c.o
                0x348104bc                i2c_init_board
 .text.i2c_get_adapter
                0x348104c0       0x6c drivers/i2c/libi2c.o
                0x348104c0                i2c_get_adapter
 .text.i2c_init_bus
                0x3481052c       0x90 drivers/i2c/libi2c.o
 .text.i2c_write
                0x348105bc       0x48 drivers/i2c/libi2c.o
                0x348105bc                i2c_write
 .text.i2c_read
                0x34810604       0x48 drivers/i2c/libi2c.o
                0x34810604                i2c_read
 .text.i2c_set_bus_num
                0x3481064c       0xbc drivers/i2c/libi2c.o
                0x3481064c                i2c_set_bus_num
 .text.i2c_init_all
                0x34810708       0x14 drivers/i2c/libi2c.o
                0x34810708                i2c_init_all
 .text.send_start
                0x3481071c       0x48 drivers/i2c/libi2c.o
 .text.send_stop
                0x34810764       0x54 drivers/i2c/libi2c.o
 .text.write_byte
                0x348107b8       0xdc drivers/i2c/libi2c.o
 .text.soft_i2c_write
                0x34810894       0xa4 drivers/i2c/libi2c.o
 .text.soft_i2c_probe
                0x34810938       0x2c drivers/i2c/libi2c.o
 .text.soft_i2c_read
                0x34810964      0x17c drivers/i2c/libi2c.o
 .text.soft_i2c_init
                0x34810ae0       0x84 drivers/i2c/libi2c.o
 .text.s3c_hsmmc_initialize
                0x34810b64       0xe8 drivers/mmc/libmmc.o
 .text.smdk_s3c_hsmmc_init
                0x34810c4c       0x28 drivers/mmc/libmmc.o
                0x34810c4c                smdk_s3c_hsmmc_init
 .text.sdhci_change_clock
                0x34810c74       0xd8 drivers/mmc/libmmc.o
 .text.s3c_hsmmc_send_command
                0x34810d4c      0x320 drivers/mmc/libmmc.o
 .text.s3c_hsmmc_set_ios
                0x3481106c       0x48 drivers/mmc/libmmc.o
 .text.T.64     0x348110b4       0x60 drivers/mmc/libmmc.o
 .text.s3c_hsmmc_init
                0x34811114       0x54 drivers/mmc/libmmc.o
 .text.mmc_send_cmd
                0x34811168       0x10 drivers/mmc/libmmc.o
                0x34811168                mmc_send_cmd
 .text.mmc_set_blocklen
                0x34811178       0x38 drivers/mmc/libmmc.o
                0x34811178                mmc_set_blocklen
 .text.mmc_send_ext_csd
                0x348111b0       0x50 drivers/mmc/libmmc.o
                0x348111b0                mmc_send_ext_csd
 .text.mmc_switch
                0x34811200       0x44 drivers/mmc/libmmc.o
                0x34811200                mmc_switch
 .text.mmc_change_freq
                0x34811244       0xdc drivers/mmc/libmmc.o
                0x34811244                mmc_change_freq
 .text.sd_switch
                0x34811320       0x6c drivers/mmc/libmmc.o
                0x34811320                sd_switch
 .text.mmc_set_ios
                0x3481138c       0x10 drivers/mmc/libmmc.o
                0x3481138c                mmc_set_ios
 .text.mmc_set_bus_width
                0x3481139c        0x8 drivers/mmc/libmmc.o
                0x3481139c                mmc_set_bus_width
 .text.mmc_send_if_cond
                0x348113a4       0x7c drivers/mmc/libmmc.o
                0x348113a4                mmc_send_if_cond
 .text.mmc_register
                0x34811420       0x6c drivers/mmc/libmmc.o
                0x34811420                mmc_register
 .text.__def_mmc_init
                0x3481148c        0x8 drivers/mmc/libmmc.o
                0x3481148c                cpu_mmc_init
 .text.print_mmc_devices
                0x34811494       0x74 drivers/mmc/libmmc.o
                0x34811494                print_mmc_devices
 .text.find_mmc_device
                0x34811508       0x4c drivers/mmc/libmmc.o
                0x34811508                find_mmc_device
 .text.mmc_get_dev
                0x34811554       0x14 drivers/mmc/libmmc.o
                0x34811554                mmc_get_dev
 .text.mmc_bwrite
                0x34811568       0xb4 drivers/mmc/libmmc.o
 .text.mmc_bread_primitive
                0x3481161c       0xb0 drivers/mmc/libmmc.o
 .text.mmc_bread
                0x348116cc       0x6c drivers/mmc/libmmc.o
 .text.sd_change_freq
                0x34811738      0x1e8 drivers/mmc/libmmc.o
                0x34811738                sd_change_freq
 .text.mmc_startup
                0x34811920      0x5f8 drivers/mmc/libmmc.o
                0x34811920                mmc_startup
 .text.mmc_send_app_op_cond
                0x34811f18       0xf0 drivers/mmc/libmmc.o
                0x34811f18                mmc_send_app_op_cond
 .text.mmc_go_idle
                0x34812008       0x54 drivers/mmc/libmmc.o
                0x34812008                mmc_go_idle
 .text.mmc_send_op_cond
                0x3481205c       0xa0 drivers/mmc/libmmc.o
                0x3481205c                mmc_send_op_cond
 .text.mmc_init
                0x348120fc       0x64 drivers/mmc/libmmc.o
                0x348120fc                mmc_init
 .text.mmc_initialize
                0x34812160       0xac drivers/mmc/libmmc.o
                0x34812160                mmc_initialize
 .text.get_mtd_device_nm
                0x3481220c       0x64 drivers/mtd/libmtd.o
                0x3481220c                get_mtd_device_nm
 .text.dm9000_outblk_8bit
                0x34812270       0x28 drivers/net/libnet.o
 .text.dm9000_outblk_16bit
                0x34812298       0x38 drivers/net/libnet.o
 .text.dm9000_outblk_32bit
                0x348122d0       0x34 drivers/net/libnet.o
 .text.dm9000_inblk_8bit
                0x34812304       0x28 drivers/net/libnet.o
 .text.dm9000_inblk_16bit
                0x3481232c       0x38 drivers/net/libnet.o
 .text.dm9000_inblk_32bit
                0x34812364       0x34 drivers/net/libnet.o
 .text.dm9000_rx_status_32bit
                0x34812398       0x28 drivers/net/libnet.o
 .text.dm9000_rx_status_16bit
                0x348123c0       0x24 drivers/net/libnet.o
 .text.dm9000_rx_status_8bit
                0x348123e4       0x34 drivers/net/libnet.o
 .text.DM9000_ior
                0x34812418       0x18 drivers/net/libnet.o
 .text.DM9000_iow
                0x34812430       0x18 drivers/net/libnet.o
 .text.dm9000_reset
                0x34812448       0xa0 drivers/net/libnet.o
 .text.dm9000_rx
                0x348124e8      0x148 drivers/net/libnet.o
 .text.dm9000_phy_read
                0x34812630       0x54 drivers/net/libnet.o
 .text.dm9000_init
                0x34812684      0x2f8 drivers/net/libnet.o
 .text.dm9000_read_srom_word
                0x3481297c       0x54 drivers/net/libnet.o
                0x3481297c                dm9000_read_srom_word
 .text.dm9000_send
                0x348129d0       0xcc drivers/net/libnet.o
 .text.dm9000_halt
                0x34812a9c       0x70 drivers/net/libnet.o
 .text.dm9000_initialize
                0x34812b0c       0x84 drivers/net/libnet.o
                0x34812b0c                dm9000_initialize
 .text.power_get_interface
                0x34812b90       0x2c drivers/power/libpower.o
                0x34812b90                power_get_interface
 .text.pmic_get
                0x34812bbc       0x50 drivers/power/libpower.o
                0x34812bbc                pmic_get
 .text.check_reg
                0x34812c0c       0x28 drivers/power/libpower.o
                0x34812c0c                check_reg
 .text.do_pmic  0x34812c34      0x2d8 drivers/power/libpower.o
                0x34812c34                do_pmic
 .text.pmic_alloc
                0x34812f0c       0x58 drivers/power/libpower.o
                0x34812f0c                pmic_alloc
 .text.pmic_reg_read
                0x34812f64      0x108 drivers/power/libpower.o
                0x34812f64                pmic_reg_read
 .text.pmic_reg_write
                0x3481306c       0xd8 drivers/power/libpower.o
                0x3481306c                pmic_reg_write
 .text.pmic_init
                0x34813144       0x74 drivers/power/pmic/libpmic.o
                0x34813144                pmic_init
 .text.serial_null
                0x348131b8        0x4 drivers/serial/libserial.o
                0x348131b8                jz_serial_initialize
                0x348131b8                bfin_serial_initialize
                0x348131b8                p3mx_serial_initialize
                0x348131b8                leon2_serial_initialize
                0x348131b8                leon3_serial_initialize
                0x348131b8                amirix_serial_initialize
                0x348131b8                marvell_serial_initialize
                0x348131b8                cpci750_serial_initialize
                0x348131b8                ns16550_serial_initialize
                0x348131b8                asc_serial_initialize
                0x348131b8                altera_serial_initialize
                0x348131b8                oc_serial_initialize
                0x348131b8                sh_serial_initialize
                0x348131b8                mxs_auart_initialize
                0x348131b8                arm_dcc_initialize
                0x348131b8                bmw_serial_initialize
                0x348131b8                mcf_serial_initialize
                0x348131b8                lh7a40x_serial_initialize
                0x348131b8                evb64260_serial_initialize
                0x348131b8                lpc32xx_serial_initialize
                0x348131b8                max3100_serial_initialize
                0x348131b8                mpc85xx_serial_initialize
                0x348131b8                imx_serial_initialize
                0x348131b8                ixp_serial_initialize
                0x348131b8                bfin_jtag_initialize
                0x348131b8                cogent_serial_initialize
                0x348131b8                clps7111_serial_initialize
                0x348131b8                ml2_serial_initialize
                0x348131b8                sandbox_serial_initialize
                0x348131b8                s3c24xx_serial_initialize
                0x348131b8                sconsole_serial_initialize
                0x348131b8                uartlite_serial_initialize
                0x348131b8                au1x00_serial_initialize
                0x348131b8                pxa_serial_initialize
                0x348131b8                atmel_serial_initialize
                0x348131b8                pl01x_serial_initialize
                0x348131b8                altera_jtag_serial_initialize
                0x348131b8                zynq_serial_initalize
                0x348131b8                mpc512x_serial_initialize
                0x348131b8                ks8695_serial_initialize
                0x348131b8                sa1100_serial_initialize
                0x348131b8                mpc8260_scc_serial_initialize
                0x348131b8                mxc_serial_initialize
                0x348131b8                iop480_serial_initialize
                0x348131b8                mpc8xx_serial_initialize
                0x348131b8                mpc8260_smc_serial_initialize
                0x348131b8                mpc5xx_serial_initialize
 .text.serial_register
                0x348131bc       0x18 drivers/serial/libserial.o
                0x348131bc                serial_register
 .text.get_current
                0x348131d4       0x3c drivers/serial/libserial.o
 .text.serial_puts
                0x34813210       0x1c drivers/serial/libserial.o
                0x34813210                serial_puts
 .text.serial_putc
                0x3481322c       0x1c drivers/serial/libserial.o
                0x3481322c                serial_putc
 .text.serial_tstc
                0x34813248       0x14 drivers/serial/libserial.o
                0x34813248                serial_tstc
 .text.serial_getc
                0x3481325c       0x14 drivers/serial/libserial.o
                0x3481325c                serial_getc
 .text.serial_setbrg
                0x34813270       0x14 drivers/serial/libserial.o
                0x34813270                serial_setbrg
 .text.on_baudrate
                0x34813284       0xf8 drivers/serial/libserial.o
 .text.serial_init
                0x3481337c       0x14 drivers/serial/libserial.o
                0x3481337c                serial_init
 .text.serial_assign
                0x34813390       0x50 drivers/serial/libserial.o
                0x34813390                serial_assign
 .text.serial_initialize
                0x348133e0       0xd0 drivers/serial/libserial.o
                0x348133e0                serial_initialize
 .text.serial_stdio_init
                0x348134b0       0x8c drivers/serial/libserial.o
                0x348134b0                serial_stdio_init
 .text.serial_err_check
                0x3481353c       0x48 drivers/serial/libserial.o
 .text.serial_getc_dev
                0x34813584       0x8c drivers/serial/libserial.o
                0x34813584                serial_getc_dev
 .text.serial_tstc_dev
                0x34813610       0x54 drivers/serial/libserial.o
                0x34813610                serial_tstc_dev
 .text.s5p_serial0_getc
                0x34813664        0x8 drivers/serial/libserial.o
                0x34813664                s5p_serial0_getc
 .text.s5p_serial0_tstc
                0x3481366c        0x8 drivers/serial/libserial.o
                0x3481366c                s5p_serial0_tstc
 .text.s5p_serial1_getc
                0x34813674        0x8 drivers/serial/libserial.o
                0x34813674                s5p_serial1_getc
 .text.s5p_serial1_tstc
                0x3481367c        0x8 drivers/serial/libserial.o
                0x3481367c                s5p_serial1_tstc
 .text.s5p_serial2_getc
                0x34813684        0x8 drivers/serial/libserial.o
                0x34813684                s5p_serial2_getc
 .text.s5p_serial2_tstc
                0x3481368c        0x8 drivers/serial/libserial.o
                0x3481368c                s5p_serial2_tstc
 .text.s5p_serial3_getc
                0x34813694        0x8 drivers/serial/libserial.o
                0x34813694                s5p_serial3_getc
 .text.s5p_serial3_tstc
                0x3481369c        0x8 drivers/serial/libserial.o
                0x3481369c                s5p_serial3_tstc
 .text.default_serial_console
                0x348136a4       0x1c drivers/serial/libserial.o
                0x348136a4                default_serial_console
 .text.s5p_serial_initialize
                0x348136c0       0x38 drivers/serial/libserial.o
                0x348136c0                s5p_serial_initialize
 .text.serial_putc_dev
                0x348136f8       0x94 drivers/serial/libserial.o
                0x348136f8                serial_putc_dev
 .text.s5p_serial3_putc
                0x3481378c        0x8 drivers/serial/libserial.o
                0x3481378c                s5p_serial3_putc
 .text.s5p_serial2_putc
                0x34813794        0x8 drivers/serial/libserial.o
                0x34813794                s5p_serial2_putc
 .text.s5p_serial1_putc
                0x3481379c        0x8 drivers/serial/libserial.o
                0x3481379c                s5p_serial1_putc
 .text.s5p_serial0_putc
                0x348137a4        0x8 drivers/serial/libserial.o
                0x348137a4                s5p_serial0_putc
 .text.serial_puts_dev
                0x348137ac       0x30 drivers/serial/libserial.o
                0x348137ac                serial_puts_dev
 .text.s5p_serial3_puts
                0x348137dc        0x8 drivers/serial/libserial.o
                0x348137dc                s5p_serial3_puts
 .text.s5p_serial2_puts
                0x348137e4        0x8 drivers/serial/libserial.o
                0x348137e4                s5p_serial2_puts
 .text.s5p_serial1_puts
                0x348137ec        0x8 drivers/serial/libserial.o
                0x348137ec                s5p_serial1_puts
 .text.s5p_serial0_puts
                0x348137f4        0x8 drivers/serial/libserial.o
                0x348137f4                s5p_serial0_puts
 .text.serial_setbrg_dev
                0x348137fc       0x88 drivers/serial/libserial.o
                0x348137fc                serial_setbrg_dev
 .text.s5p_serial3_setbrg
                0x34813884        0x8 drivers/serial/libserial.o
                0x34813884                s5p_serial3_setbrg
 .text.s5p_serial2_setbrg
                0x3481388c        0x8 drivers/serial/libserial.o
                0x3481388c                s5p_serial2_setbrg
 .text.s5p_serial1_setbrg
                0x34813894        0x8 drivers/serial/libserial.o
                0x34813894                s5p_serial1_setbrg
 .text.s5p_serial0_setbrg
                0x3481389c        0x8 drivers/serial/libserial.o
                0x3481389c                s5p_serial0_setbrg
 .text.serial_init_dev
                0x348138a4       0x60 drivers/serial/libserial.o
                0x348138a4                serial_init_dev
 .text.s5p_serial3_init
                0x34813904        0x8 drivers/serial/libserial.o
                0x34813904                s5p_serial3_init
 .text.s5p_serial2_init
                0x3481390c        0x8 drivers/serial/libserial.o
                0x3481390c                s5p_serial2_init
 .text.s5p_serial1_init
                0x34813914        0x8 drivers/serial/libserial.o
                0x34813914                s5p_serial1_init
 .text.s5p_serial0_init
                0x3481391c        0x8 drivers/serial/libserial.o
                0x3481391c                s5p_serial0_init
 .text.get_fs   0x34813924        0xc fs/ext4/libext4fs.o
                0x34813924                get_fs
 .text.ext4fs_probe
                0x34813930       0x2c fs/ext4/libext4fs.o
                0x34813930                ext4fs_probe
 .text.ext4fs_read_file
                0x3481395c      0x25c fs/ext4/libext4fs.o
                0x3481395c                ext4fs_read_file
 .text.ext4fs_read
                0x34813bb8       0x40 fs/ext4/libext4fs.o
                0x34813bb8                ext4fs_read
 .text.ext4_read_file
                0x34813bf8       0x64 fs/ext4/libext4fs.o
                0x34813bf8                ext4_read_file
 .text.ext4fs_free_node
                0x34813c5c       0x20 fs/ext4/libext4fs.o
                0x34813c5c                ext4fs_free_node
 .text.ext4fs_ls
                0x34813c7c       0x74 fs/ext4/libext4fs.o
                0x34813c7c                ext4fs_ls
 .text.ext4fs_close
                0x34813cf0      0x110 fs/ext4/libext4fs.o
                0x34813cf0                ext4fs_close
 .text.read_allocated_block
                0x34813e00      0x968 fs/ext4/libext4fs.o
                0x34813e00                read_allocated_block
 .text.ext4fs_read_inode
                0x34814768      0x130 fs/ext4/libext4fs.o
                0x34814768                ext4fs_read_inode
 .text.ext4fs_mount
                0x34814898       0xd8 fs/ext4/libext4fs.o
                0x34814898                ext4fs_mount
 .text.ext4fs_iterate_dir
                0x34814970      0x288 fs/ext4/libext4fs.o
                0x34814970                ext4fs_iterate_dir
 .text.ext4fs_find_file1
                0x34814bf8      0x2b0 fs/ext4/libext4fs.o
 .text.ext4fs_find_file
                0x34814ea8       0x7c fs/ext4/libext4fs.o
                0x34814ea8                ext4fs_find_file
 .text.ext4fs_open
                0x34814f24       0x9c fs/ext4/libext4fs.o
                0x34814f24                ext4fs_open
 .text.ext4fs_set_blk_dev
                0x34814fc0       0x6c fs/ext4/libext4fs.o
                0x34814fc0                ext4fs_set_blk_dev
 .text.ext4fs_devread
                0x3481502c      0x27c fs/ext4/libext4fs.o
                0x3481502c                ext4fs_devread
 .text.ext4_read_superblock
                0x348152a8       0x3c fs/ext4/libext4fs.o
                0x348152a8                ext4_read_superblock
 .text.downcase
                0x348152e4       0x38 fs/fat/libfat.o
 .text.disk_read
                0x3481531c       0x54 fs/fat/libfat.o
 .text.dirdelim
                0x34815370       0x34 fs/fat/libfat.o
 .text.get_fatent
                0x348153a4      0x174 fs/fat/libfat.o
 .text.slot2str
                0x34815518       0xc4 fs/fat/libfat.o
 .text.mkcksum  0x348155dc       0x58 fs/fat/libfat.o
 .text.fat_close
                0x34815634        0x4 fs/fat/libfat.o
                0x34815634                fat_close
 .text.get_name
                0x34815638       0xbc fs/fat/libfat.o
 .text.read_bootsectandvi
                0x348156f4      0x12c fs/fat/libfat.o
 .text.file_fat_detectfs
                0x34815820      0x154 fs/fat/libfat.o
                0x34815820                file_fat_detectfs
 .text.get_cluster
                0x34815974      0x190 fs/fat/libfat.o
 .text.get_vfatname
                0x34815b04      0x1b4 fs/fat/libfat.o
 .text.do_fat_read_at
                0x34815cb8      0xb08 fs/fat/libfat.o
                0x34815cb8                do_fat_read_at
 .text.file_fat_read_at
                0x348167c0       0x44 fs/fat/libfat.o
                0x348167c0                file_fat_read_at
 .text.fat_read_file
                0x34816804       0x3c fs/fat/libfat.o
                0x34816804                fat_read_file
 .text.do_fat_read
                0x34816840       0x20 fs/fat/libfat.o
                0x34816840                do_fat_read
 .text.file_fat_ls
                0x34816860       0x10 fs/fat/libfat.o
                0x34816860                file_fat_ls
 .text.fat_set_blk_dev
                0x34816870       0xd8 fs/fat/libfat.o
                0x34816870                fat_set_blk_dev
 .text.fs_ls_unsupported
                0x34816948        0x8 fs/libfs.o
 .text.fs_read_unsupported
                0x34816950        0x8 fs/libfs.o
 .text.fs_write_unsupported
                0x34816958        0x8 fs/libfs.o
 .text.fs_close_unsupported
                0x34816960        0x4 fs/libfs.o
 .text.fs_get_info
                0x34816964       0x30 fs/libfs.o
 .text.fs_close
                0x34816994       0x28 fs/libfs.o
 .text.fs_ls    0x348169bc       0x3c fs/libfs.o
                0x348169bc                fs_ls
 .text.fs_probe_unsupported
                0x348169f8       0x18 fs/libfs.o
 .text.fs_read  0x34816a10       0x80 fs/libfs.o
                0x34816a10                fs_read
 .text.fs_set_blk_dev
                0x34816a90       0x9c fs/libfs.o
                0x34816a90                fs_set_blk_dev
 .text.do_ls    0x34816b2c       0x68 fs/libfs.o
                0x34816b2c                do_ls
 .text.do_load  0x34816b94      0x1c8 fs/libfs.o
                0x34816b94                do_load
 .text.cyg_crc16
                0x34816d5c       0x44 lib/libgeneric.o
                0x34816d5c                cyg_crc16
 .text.crc32_no_comp
                0x34816da0       0xec lib/libgeneric.o
                0x34816da0                crc32_no_comp
 .text.crc32    0x34816e8c       0x14 lib/libgeneric.o
                0x34816e8c                crc32
 .text.crc32_wd
                0x34816ea0        0x4 lib/libgeneric.o
                0x34816ea0                crc32_wd
 .text.print_size
                0x34816ea4      0x134 lib/libgeneric.o
                0x34816ea4                print_size
 .text.print_buffer
                0x34816fd8      0x1ac lib/libgeneric.o
                0x34816fd8                print_buffer
 .text.__div64_32
                0x34817184       0xf4 lib/libgeneric.o
                0x34817184                __div64_32
 .text.zunzip   0x34817278      0x124 lib/libgeneric.o
                0x34817278                zunzip
 .text.gunzip   0x3481739c       0xb4 lib/libgeneric.o
                0x3481739c                gunzip
 .text.gzfree   0x34817450        0x8 lib/libgeneric.o
                0x34817450                gzfree
 .text.gzalloc  0x34817458       0x10 lib/libgeneric.o
                0x34817458                gzalloc
 .text.hang     0x34817468       0x18 lib/libgeneric.o
                0x34817468                hang
 .text.hwalk_r  0x34817480       0x58 lib/libgeneric.o
                0x34817480                hwalk_r
 .text._hdelete
                0x348174d8       0x50 lib/libgeneric.o
 .text.hdestroy_r
                0x34817528       0x74 lib/libgeneric.o
                0x34817528                hdestroy_r
 .text.drop_var_from_set
                0x3481759c       0x60 lib/libgeneric.o
 .text.cmpkey   0x348175fc       0x14 lib/libgeneric.o
 .text.hcreate_r
                0x34817610       0xa8 lib/libgeneric.o
                0x34817610                hcreate_r
 .text.match_string
                0x348176b8       0x60 lib/libgeneric.o
 .text.hexport_r
                0x34817718      0x358 lib/libgeneric.o
                0x34817718                hexport_r
 .text.hsearch_r
                0x34817a70      0x504 lib/libgeneric.o
                0x34817a70                hsearch_r
 .text.hdelete_r
                0x34817f74       0xe4 lib/libgeneric.o
                0x34817f74                hdelete_r
 .text.himport_r
                0x34818058      0x338 lib/libgeneric.o
                0x34818058                himport_r
 .text.skip_spaces
                0x34818390       0x24 lib/libgeneric.o
                0x34818390                skip_spaces
 .text.strim    0x348183b4       0x58 lib/libgeneric.o
                0x348183b4                strim
 .text.lmb_addrs_adjacent
                0x3481840c       0x24 lib/libgeneric.o
 .text.lmb_remove_region
                0x34818430       0x3c lib/libgeneric.o
 .text.lmb_init
                0x3481846c       0x28 lib/libgeneric.o
                0x3481846c                lmb_init
 .text.lmb_add_region
                0x34818494      0x1d4 lib/libgeneric.o
 .text.lmb_add  0x34818668        0x4 lib/libgeneric.o
                0x34818668                lmb_add
 .text.lmb_reserve
                0x3481866c        0x8 lib/libgeneric.o
                0x3481866c                lmb_reserve
 .text.lmb_overlaps_region
                0x34818674       0x54 lib/libgeneric.o
                0x34818674                lmb_overlaps_region
 .text.lmb_align_down
                0x348186c8        0xc lib/libgeneric.o
 .text.__lmb_alloc_base
                0x348186d4      0x11c lib/libgeneric.o
                0x348186d4                __lmb_alloc_base
 .text.__board_lmb_reserve
                0x348187f0        0x4 lib/libgeneric.o
                0x348187f0                board_lmb_reserve
                0x348187f0                __board_lmb_reserve
 .text.lmb_alloc_base
                0x348187f4       0x34 lib/libgeneric.o
                0x348187f4                lmb_alloc_base
 .text.lmb_alloc
                0x34818828        0x8 lib/libgeneric.o
                0x34818828                lmb_alloc
 .text.string_to_ip
                0x34818830       0x78 lib/libgeneric.o
                0x34818830                string_to_ip
 .text.qsort    0x348188a8      0x124 lib/libgeneric.o
                0x348188a8                qsort
 .text.strcpy   0x348189cc       0x1c lib/libgeneric.o
                0x348189cc                strcpy
 .text.strncpy  0x348189e8       0x28 lib/libgeneric.o
                0x348189e8                strncpy
 .text.strcat   0x34818a10       0x30 lib/libgeneric.o
                0x34818a10                strcat
 .text.strncat  0x34818a40       0x5c lib/libgeneric.o
                0x34818a40                strncat
 .text.strcmp   0x34818a9c       0x30 lib/libgeneric.o
                0x34818a9c                strcmp
 .text.strncmp  0x34818acc       0x48 lib/libgeneric.o
                0x34818acc                strncmp
 .text.strchr   0x34818b14       0x2c lib/libgeneric.o
                0x34818b14                strchr
 .text.strlen   0x34818b40       0x20 lib/libgeneric.o
                0x34818b40                strlen
 .text.strnlen  0x34818b60       0x28 lib/libgeneric.o
                0x34818b60                strnlen
 .text.strpbrk  0x34818b88       0x38 lib/libgeneric.o
                0x34818b88                strpbrk
 .text.memset   0x34818bc0       0x74 lib/libgeneric.o
                0x34818bc0                memset
 .text.memcpy   0x34818c34       0x74 lib/libgeneric.o
                0x34818c34                memcpy
 .text.memmove  0x34818ca8       0x64 lib/libgeneric.o
                0x34818ca8                memmove
 .text.memcmp   0x34818d0c       0x38 lib/libgeneric.o
                0x34818d0c                memcmp
 .text.strstr   0x34818d44       0x60 lib/libgeneric.o
                0x34818d44                strstr
 .text.strdup   0x34818da4       0x34 lib/libgeneric.o
                0x34818da4                strdup
 .text.strmhz   0x34818dd8       0x6c lib/libgeneric.o
                0x34818dd8                strmhz
 .text.udelay   0x34818e44       0x2c lib/libgeneric.o
                0x34818e44                udelay
 .text.simple_strtoul
                0x34818e70       0xb0 lib/libgeneric.o
                0x34818e70                simple_strtoul
 .text.simple_strtol
                0x34818f20       0x28 lib/libgeneric.o
                0x34818f20                simple_strtol
 .text.simple_strtoull
                0x34818f48       0xd0 lib/libgeneric.o
                0x34818f48                simple_strtoull
 .text.skip_atoi
                0x34819018       0x38 lib/libgeneric.o
 .text.put_dec_trunc
                0x34819050       0xc4 lib/libgeneric.o
 .text.simple_itoa
                0x34819114       0x58 lib/libgeneric.o
                0x34819114                simple_itoa
 .text.panic    0x3481916c       0x44 lib/libgeneric.o
                0x3481916c                panic
 .text.string   0x348191b0       0xa8 lib/libgeneric.o
 .text.put_dec  0x34819258      0x118 lib/libgeneric.o
 .text.number   0x34819370      0x234 lib/libgeneric.o
 .text.strict_strtoul
                0x348195a4       0x78 lib/libgeneric.o
                0x348195a4                strict_strtoul
 .text.vsprintf
                0x3481961c      0x65c lib/libgeneric.o
                0x3481961c                vsprintf
 .text.sprintf  0x34819c78       0x24 lib/libgeneric.o
                0x34819c78                sprintf
 .text.inflate_fast
                0x34819c9c      0x538 lib/zlib/libz.o
                0x34819c9c                inflate_fast
 .text.inflate_table
                0x3481a1d4      0x560 lib/zlib/libz.o
                0x3481a1d4                inflate_table
 .text.inflateReset
                0x3481a734       0x80 lib/zlib/libz.o
                0x3481a734                inflateReset
 .text.inflateInit2_
                0x3481a7b4       0xfc lib/zlib/libz.o
                0x3481a7b4                inflateInit2_
 .text.inflateEnd
                0x3481a8b0       0x64 lib/zlib/libz.o
                0x3481a8b0                inflateEnd
 .text.adler32  0x3481a914      0x2fc lib/zlib/libz.o
                0x3481a914                adler32
 .text.zcfree   0x3481ac10        0x8 lib/zlib/libz.o
                0x3481ac10                zcfree
 .text.zcalloc  0x3481ac18        0x8 lib/zlib/libz.o
                0x3481ac18                zcalloc
 .text.inflate  0x3481ac20     0x173c lib/zlib/libz.o
                0x3481ac20                inflate
 .text.ArpInit  0x3481c35c       0x50 net/libnet.o
                0x3481c35c                ArpInit
 .text.ArpReceive
                0x3481c3ac      0x220 net/libnet.o
                0x3481c3ac                ArpReceive
 .text.arp_raw_request
                0x3481c5cc       0xcc net/libnet.o
                0x3481c5cc                arp_raw_request
 .text.ArpRequest
                0x3481c698       0x8c net/libnet.o
                0x3481c698                ArpRequest
 .text.ArpTimeoutCheck
                0x3481c724       0x80 net/libnet.o
                0x3481c724                ArpTimeoutCheck
 .text.truncate_sz
                0x3481c7a4       0x34 net/libnet.o
 .text.BootpRequest
                0x3481c7d8      0x214 net/libnet.o
                0x3481c7d8                BootpRequest
 .text.BootpHandler
                0x3481c9ec      0x330 net/libnet.o
 .text.BootpTimeout
                0x3481cd1c       0x44 net/libnet.o
 .text.eth_get_dev_by_index
                0x3481cd60       0x40 net/libnet.o
                0x3481cd60                eth_get_dev_by_index
 .text.eth_get_dev_index
                0x3481cda0       0x1c net/libnet.o
                0x3481cda0                eth_get_dev_index
 .text.eth_halt
                0x3481cdbc       0x34 net/libnet.o
                0x3481cdbc                eth_halt
 .text.eth_send
                0x3481cdf0       0x34 net/libnet.o
                0x3481cdf0                eth_send
 .text.eth_rx   0x3481ce24       0x2c net/libnet.o
                0x3481ce24                eth_rx
 .text.eth_get_name
                0x3481ce50       0x20 net/libnet.o
                0x3481ce50                eth_get_name
 .text.eth_current_changed
                0x3481ce70       0x5c net/libnet.o
 .text.eth_set_current
                0x3481cecc       0xb4 net/libnet.o
                0x3481cecc                eth_set_current
 .text.eth_try_another
                0x3481cf80       0x88 net/libnet.o
                0x3481cf80                eth_try_another
 .text.eth_register
                0x3481d008       0x84 net/libnet.o
                0x3481d008                eth_register
 .text.eth_setenv_enetaddr
                0x3481d08c       0x38 net/libnet.o
                0x3481d08c                eth_setenv_enetaddr
 .text.eth_parse_enetaddr
                0x3481d0c4       0x58 net/libnet.o
                0x3481d0c4                eth_parse_enetaddr
 .text.eth_getenv_enetaddr
                0x3481d11c       0x58 net/libnet.o
                0x3481d11c                eth_getenv_enetaddr
 .text.eth_getenv_enetaddr_by_index
                0x3481d174       0x50 net/libnet.o
                0x3481d174                eth_getenv_enetaddr_by_index
 .text.eth_init
                0x3481d1c4       0xc8 net/libnet.o
                0x3481d1c4                eth_init
 .text.eth_write_hwaddr
                0x3481d28c      0x1e4 net/libnet.o
                0x3481d28c                eth_write_hwaddr
 .text.eth_initialize
                0x3481d470      0x180 net/libnet.o
                0x3481d470                eth_initialize
 .text.startAgainTimeout
                0x3481d5f0       0x14 net/libnet.o
 .text.dummy_handler
                0x3481d604        0x4 net/libnet.o
 .text.net_set_udp_handler
                0x3481d608       0x20 net/libnet.o
                0x3481d608                net_set_udp_handler
 .text.net_get_arp_handler
                0x3481d628       0x10 net/libnet.o
                0x3481d628                net_get_arp_handler
 .text.net_set_arp_handler
                0x3481d638       0x20 net/libnet.o
                0x3481d638                net_set_arp_handler
 .text.NetCksum
                0x3481d658       0x3c net/libnet.o
                0x3481d658                NetCksum
 .text.NetCksumOk
                0x3481d694       0x20 net/libnet.o
                0x3481d694                NetCksumOk
 .text.copy_filename
                0x3481d6b4       0x58 net/libnet.o
                0x3481d6b4                copy_filename
 .text.on_bootfile
                0x3481d70c       0x2c net/libnet.o
 .text.string_to_VLAN
                0x3481d738       0x48 net/libnet.o
                0x3481d738                string_to_VLAN
 .text.getenv_VLAN
                0x3481d780       0x10 net/libnet.o
                0x3481d780                getenv_VLAN
 .text.NetEthHdrSize
                0x3481d790       0x40 net/libnet.o
                0x3481d790                NetEthHdrSize
 .text.ip_to_string
                0x3481d7d0       0x48 net/libnet.o
                0x3481d7d0                ip_to_string
 .text.net_set_ip_header
                0x3481d818       0x88 net/libnet.o
                0x3481d818                net_set_ip_header
 .text.net_set_udp_header
                0x3481d8a0       0xa8 net/libnet.o
                0x3481d8a0                net_set_udp_header
 .text.net_update_ether
                0x3481d948       0x88 net/libnet.o
                0x3481d948                net_update_ether
 .text.NetSetEther
                0x3481d9d0       0xa0 net/libnet.o
                0x3481d9d0                NetSetEther
 .text.NetReceive
                0x3481da70      0x2ac net/libnet.o
                0x3481da70                NetReceive
 .text.NetSetTimeout
                0x3481dd1c       0x50 net/libnet.o
                0x3481dd1c                NetSetTimeout
 .text.net_clear_handlers
                0x3481dd6c       0x24 net/libnet.o
 .text.net_cleanup_loop
                0x3481dd90        0x4 net/libnet.o
 .text.NetSendUDPPacket
                0x3481dd94      0x104 net/libnet.o
                0x3481dd94                NetSendUDPPacket
 .text.NetStartAgain
                0x3481de98      0x124 net/libnet.o
                0x3481de98                NetStartAgain
 .text.NetInitLoop
                0x3481dfbc       0xf0 net/libnet.o
 .text.net_init
                0x3481e0ac       0x6c net/libnet.o
                0x3481e0ac                net_init
 .text.NetLoop  0x3481e118      0x328 net/libnet.o
                0x3481e118                NetLoop
 .text.net_auto_load
                0x3481e440       0x38 net/libnet.o
                0x3481e440                net_auto_load
 .text.ping_receive
                0x3481e478       0xec net/libnet.o
                0x3481e478                ping_receive
 .text.ping_start
                0x3481e564      0x12c net/libnet.o
                0x3481e564                ping_start
 .text.ping_timeout
                0x3481e690       0x1c net/libnet.o
 .text.TftpSend
                0x3481e6ac      0x1c4 net/libnet.o
 .text.TftpStart
                0x3481e870      0x344 net/libnet.o
                0x3481e870                TftpStart
 .text.TftpHandler
                0x3481ebb4      0x39c net/libnet.o
 .text.TftpTimeout
                0x3481ef50       0x88 net/libnet.o
 .text.board_init
                0x3481efd8       0x74 board/samsung/goni/libgoni.o
                0x3481efd8                board_init
 .text.dram_init
                0x3481f04c       0x10 board/samsung/goni/libgoni.o
                0x3481f04c                dram_init
 .text.dram_init_banksize
                0x3481f05c       0x34 board/samsung/goni/libgoni.o
                0x3481f05c                dram_init_banksize
 .text.checkboard
                0x3481f090       0x18 board/samsung/goni/libgoni.o
                0x3481f090                checkboard
 .text.board_mmc_init
                0x3481f0a8       0x14 board/samsung/goni/libgoni.o
                0x3481f0a8                board_mmc_init
 .text.power_init_board
                0x3481f0bc        0x8 board/samsung/goni/libgoni.o
                0x3481f0bc                power_init_board
 .text.setup_hsmmc_cfg_gpio
                0x3481f0c4       0x6c board/samsung/goni/libgoni.o
                0x3481f0c4                setup_hsmmc_cfg_gpio
 .text.setup_sdhci0_cfg_card
                0x3481f130       0x50 board/samsung/goni/libgoni.o
                0x3481f130                setup_sdhci0_cfg_card
 .text.setup_hsmmc_clock
                0x3481f180       0x98 board/samsung/goni/libgoni.o
                0x3481f180                setup_hsmmc_clock
 .text.raise    0x3481f218       0x1c /home/jimmy/news5pv210/u-boot-2013.10/arch/arm/lib/eabi_compat.o
                0x3481f218                raise
 .text          0x3481f234      0x20c /arm/arm-2009q3/bin/../lib/gcc/arm-none-linux-gnueabi/4.4.1/libgcc.a(_udivsi3.o)
                0x3481f234                __udivsi3
                0x3481f234                __aeabi_uidiv
                0x3481f420                __aeabi_uidivmod
 .text          0x3481f440      0x240 /arm/arm-2009q3/bin/../lib/gcc/arm-none-linux-gnueabi/4.4.1/libgcc.a(_divsi3.o)
                0x3481f440                __aeabi_idiv
                0x3481f440                __divsi3
                0x3481f660                __aeabi_idivmod
 .text          0x3481f680       0x1c /arm/arm-2009q3/bin/../lib/gcc/arm-none-linux-gnueabi/4.4.1/libgcc.a(_lshrdi3.o)
                0x3481f680                __aeabi_llsr
                0x3481f680                __lshrdi3
 .text          0x3481f69c       0x1c /arm/arm-2009q3/bin/../lib/gcc/arm-none-linux-gnueabi/4.4.1/libgcc.a(_ashldi3.o)
                0x3481f69c                __ashldi3
                0x3481f69c                __aeabi_llsl
 .text          0x3481f6b8       0x10 /arm/arm-2009q3/bin/../lib/gcc/arm-none-linux-gnueabi/4.4.1/libgcc.a(_dvmd_lnx.o)
                0x3481f6b8                __aeabi_ldiv0
                0x3481f6b8                __aeabi_idiv0

.glue_7         0x3481f6c8        0x0
 .glue_7        0x00000000        0x0 linker stubs

.glue_7t        0x3481f6c8        0x0
 .glue_7t       0x00000000        0x0 linker stubs

.vfp11_veneer   0x3481f6c8        0x0
 .vfp11_veneer  0x00000000        0x0 linker stubs

.v4_bx          0x3481f6c8        0x0
 .v4_bx         0x00000000        0x0 linker stubs
                0x3481f6c8                . = ALIGN (0x4)

.rodata         0x3481f6c8     0x7694
 *(SORT(.rodata*))
 .rodata.C.48.4034
                0x3481f6c8       0x80 arch/arm/lib/libarm.o
 .rodata.C.60.4615
                0x3481f748        0xc drivers/power/libpower.o
 .rodata.CSWTCH.71
                0x3481f754       0x58 common/libcommon.o
 .rodata.CSWTCH.73
                0x3481f7ac       0x20 common/libcommon.o
 .rodata.__func__.4171
                0x3481f7cc       0x18 arch/arm/cpu/armv7/libarmv7.o
 .rodata.__func__.4301
                0x3481f7e4       0x10 common/libcommon.o
 .rodata.__func__.4311
                0x3481f7f4       0x10 fs/ext4/libext4fs.o
 .rodata.__func__.4331
                0x3481f804        0xc common/libcommon.o
 .rodata.__func__.4472
                0x3481f810       0x10 drivers/power/libpower.o
 .rodata.__func__.4507
                0x3481f820       0x10 drivers/power/libpower.o
 .rodata.__func__.4517
                0x3481f830        0xc drivers/power/pmic/libpmic.o
 .rodata.__func__.4580
                0x3481f83c        0xc drivers/power/libpower.o
 .rodata.__func__.4590
                0x3481f848        0x8 common/libcommon.o
 .rodata.__func__.4648
                0x3481f850       0x10 common/libcommon.o
 .rodata.__func__.4723
                0x3481f860       0x10 common/libcommon.o
 .rodata._ctype
                0x3481f870      0x100 lib/libgeneric.o
                0x3481f870                _ctype
 .rodata.block_drvr
                0x3481f970       0x10 disk/libdisk.o
 .rodata.boot_os
                0x3481f980       0x60 common/libcommon.o
 .rodata.crc16_tab
                0x3481f9e0      0x200 lib/libgeneric.o
 .rodata.crc_table
                0x3481fbe0      0x400 lib/libgeneric.o
 .rodata.dbase.4678
                0x3481ffe0       0x40 lib/zlib/libz.o
 .rodata.default_environment
                0x34820020      0x6fc common/libcommon.o
                0x34820020                default_environment
 .rodata.delims.4177
                0x3482071c        0x4 common/libcommon.o
 .rodata.dext.4679
                0x34820720       0x40 lib/zlib/libz.o
 .rodata.digits.4386
                0x34820760       0x10 lib/libgeneric.o
 .rodata.distfix
                0x34820770       0x80 lib/zlib/libz.o
 .rodata.env_flags_varaccess_mask
                0x348207f0       0x10 common/libcommon.o
 .rodata.env_flags_varaccess_rep
                0x34820800        0x8 common/libcommon.o
 .rodata.env_flags_vartype_rep
                0x34820808        0x8 common/libcommon.o
 .rodata.erase_seq
                0x34820810        0x4 common/libcommon.o
 .rodata.hex_asc
                0x34820814       0x14 lib/libgeneric.o
 .rodata.lbase.4676
                0x34820828       0x40 lib/zlib/libz.o
 .rodata.lenfix
                0x34820868      0x800 lib/zlib/libz.o
 .rodata.lext.4677
                0x34821068       0x40 lib/zlib/libz.o
 .rodata.mtdids_default
                0x348210a8        0x4 common/libcommon.o
 .rodata.mtdparts_default
                0x348210ac        0x4 common/libcommon.o
 .rodata.name.4515
                0x348210b0       0x10 drivers/power/pmic/libpmic.o
 .rodata.names.4045
                0x348210c0        0x8 lib/libgeneric.o
 .rodata.op_table
                0x348210c8       0x68 common/libcommon.o
 .rodata.order.4983
                0x34821130       0x28 lib/zlib/libz.o
 .rodata.tab_seq
                0x34821158        0xc common/libcommon.o
 .rodata.udivslot
                0x34821164       0x40 drivers/serial/libserial.o
 .rodata.uimage_arch
                0x348211a4      0x108 common/libcommon.o
 .rodata.uimage_comp
                0x348212ac       0x48 common/libcommon.o
 .rodata.uimage_os
                0x348212f4       0x60 common/libcommon.o
 .rodata.uimage_type
                0x34821354       0xd8 common/libcommon.o
 .rodata.version_string
                0x3482142c       0x38 common/libcommon.o
                0x3482142c                version_string
 .rodata        0x34821464       0x7f common/libcommon.o
 .rodata        0x348214e3        0xe net/libnet.o
 .rodata.str1.1
                0x348214f1       0x65 arch/arm/cpu/armv7/libarmv7.o
 .rodata.str1.1
                0x34821556       0x15 arch/arm/cpu/armv7/s5p-common/libs5p-common.o
 .rodata.str1.1
                0x3482156b       0x16 arch/arm/cpu/armv7/s5pc1xx/libs5pc1xx.o
 .rodata.str1.1
                0x34821581      0x37e arch/arm/lib/libarm.o
                                0x39c (size before relaxing)
 .rodata.str1.1
                0x348218ff     0x378b common/libcommon.o
                               0x3ab5 (size before relaxing)
 .rodata.str1.1
                0x3482508a      0x403 disk/libdisk.o
                                0x432 (size before relaxing)
 .rodata.str1.1
                0x3482548d       0x3c drivers/i2c/libi2c.o
 .rodata.str1.1
                0x348254c9      0x318 drivers/mmc/libmmc.o
                                0x324 (size before relaxing)
 .rodata.str1.1
                0x348257e1      0x1f8 drivers/net/libnet.o
                                0x1fe (size before relaxing)
 .rodata.str1.1
                0x348259d9      0x258 drivers/power/libpower.o
                                0x26f (size before relaxing)
 .rodata.str1.1
                0x34825c31       0x2e drivers/power/pmic/libpmic.o
 .rodata.str1.1
                0x34825c5f       0x57 drivers/serial/libserial.o
                                 0x92 (size before relaxing)
 .rodata.str1.1
                0x34825cb6      0x39b fs/ext4/libext4fs.o
 .rodata.str1.1
                0x34826051      0x1e9 fs/fat/libfat.o
                                0x214 (size before relaxing)
 .rodata.str1.1
                0x3482623a       0xa1 fs/libfs.o
                                 0xd7 (size before relaxing)
 .rodata.str1.1
                0x348262db      0x23a lib/libgeneric.o
                                0x253 (size before relaxing)
 .rodata.str1.1
                0x34826515      0x21c lib/zlib/libz.o
                                0x21d (size before relaxing)
 .rodata.str1.1
                0x34826731      0x5da net/libnet.o
                                0x680 (size before relaxing)
 .rodata.str1.1
                0x34826d0b       0x36 board/samsung/goni/libgoni.o
 .rodata.str1.1
                0x34826d41       0x1b /home/jimmy/news5pv210/u-boot-2013.10/arch/arm/lib/eabi_compat.o

.hash           0x34826d5c       0x2c
 .hash          0x34826d5c       0x2c arch/arm/cpu/armv7/start.o
                0x34826d88                . = ALIGN (0x4)

.data           0x34826d88     0x116c
 *(.data*)
 .data.s5p_cpu_id
                0x34826d88        0x4 arch/arm/cpu/armv7/s5p-common/libs5p-common.o
                0x34826d88                s5p_cpu_id
 .data.init_sequence
                0x34826d8c       0x34 arch/arm/lib/libarm.o
                0x34826d8c                init_sequence
 .data.bootm_help_text
                0x34826dc0      0x248 common/libcommon.o
 .data.cmd_bootm_sub
                0x34827008       0xc0 common/libcommon.o
 .data.do_echo  0x348270c8        0x4 common/libcommon.o
 .data.dp_last_length
                0x348270cc        0x4 common/libcommon.o
 .data.mtdparts_help_text
                0x348270d0      0x4d4 common/libcommon.o
 .data.env_help_text
                0x348275a4      0x218 common/libcommon.o
 .data.env_id   0x348277bc        0x4 common/libcommon.o
 .data.cmd_env_sub
                0x348277c0       0xd8 common/libcommon.o
 .data.source_help_text
                0x34827898       0x50 common/libcommon.o
 .data.av_      0x348278e8      0x408 common/libcommon.o
 .data.sbrk_base
                0x34827cf0        0x4 common/libcommon.o
 .data.trim_threshold
                0x34827cf4        0x4 common/libcommon.o
 .data.env_htab
                0x34827cf8       0x10 common/libcommon.o
                0x34827cf8                env_htab
 .data.env_name_spec
                0x34827d08        0x4 common/libcommon.o
                0x34827d08                env_name_spec
 .data.reserved_list
                0x34827d0c       0x84 common/libcommon.o
 .data.load_addr
                0x34827d90        0x4 common/libcommon.o
                0x34827d90                load_addr
 .data.hist_cur
                0x34827d94        0x4 common/libcommon.o
 .data.stdio_names
                0x34827d98        0xc common/libcommon.o
                0x34827d98                stdio_names
 .data.cur_dev_num
                0x34827da4        0x4 drivers/mmc/libmmc.o
 .data.pmic_list
                0x34827da8        0x8 drivers/power/libpower.o
 .data          0x34827db0        0x8 drivers/serial/libserial.o
                0x34827db0                config
 .data.s5p_serial1_device
                0x34827db8       0x30 drivers/serial/libserial.o
                0x34827db8                s5p_serial1_device
 .data.s5p_serial0_device
                0x34827de8       0x30 drivers/serial/libserial.o
                0x34827de8                s5p_serial0_device
 .data.s5p_serial2_device
                0x34827e18       0x30 drivers/serial/libserial.o
                0x34827e18                s5p_serial2_device
 .data.s5p_serial3_device
                0x34827e48       0x30 drivers/serial/libserial.o
                0x34827e48                s5p_serial3_device
 .data.ext4fs_indir3_blkno
                0x34827e78        0x4 fs/ext4/libext4fs.o
                0x34827e78                ext4fs_indir3_blkno
 .data.ext4fs_indir1_blkno
                0x34827e7c        0x4 fs/ext4/libext4fs.o
                0x34827e7c                ext4fs_indir1_blkno
 .data.ext4fs_indir2_blkno
                0x34827e80        0x4 fs/ext4/libext4fs.o
                0x34827e80                ext4fs_indir2_blkno
 .data.fstypes  0x34827e84       0x48 fs/libfs.o
 .data.NetOurNativeVLAN
                0x34827ecc        0x2 net/libnet.o
                0x34827ecc                NetOurNativeVLAN
 *fill*         0x34827ece        0x2 00
 .data.NetBcastAddr
                0x34827ed0        0x8 net/libnet.o
                0x34827ed0                NetBcastAddr
 .data.first_call.4326
                0x34827ed8        0x4 net/libnet.o
 .data.NetOurVLAN
                0x34827edc        0x2 net/libnet.o
                0x34827edc                NetOurVLAN
 *fill*         0x34827ede        0x2 00
 .data.TftpTimeoutCountMax
                0x34827ee0        0x4 net/libnet.o
 .data.TftpBlkSizeOption
                0x34827ee4        0x2 net/libnet.o
 *fill*         0x34827ee6        0x2 00
 .data.TftpTimeoutMSecs
                0x34827ee8        0x4 net/libnet.o
 .data.TftpBlkSize
                0x34827eec        0x2 net/libnet.o
 *fill*         0x34827eee        0x2 00
 .data.TftpRRQTimeoutCountMax
                0x34827ef0        0x4 net/libnet.o
                0x34827ef0                TftpRRQTimeoutCountMax

.got            0x34827ef4        0x0
 .got           0x00000000        0x0 arch/arm/cpu/armv7/start.o

.got.plt        0x34827ef4        0xc
 .got.plt       0x34827ef4        0xc arch/arm/cpu/armv7/start.o
                0x34827ef4                _GLOBAL_OFFSET_TABLE_
                0x34827f00                . = ALIGN (0x4)
                0x34827f00                . = .
                0x34827f00                . = ALIGN (0x4)

.u_boot_list    0x34827f00      0x568
 *(SORT(.u_boot_list*))
 .u_boot_list_2_cmd_1
                0x34827f00        0x0 common/libcommon.o
 .u_boot_list_2_cmd_2_base
                0x34827f00       0x18 common/libcommon.o
                0x34827f00                _u_boot_list_2_cmd_2_base
 .u_boot_list_2_cmd_2_bdinfo
                0x34827f18       0x18 common/libcommon.o
                0x34827f18                _u_boot_list_2_cmd_2_bdinfo
 .u_boot_list_2_cmd_2_boot
                0x34827f30       0x18 common/libcommon.o
                0x34827f30                _u_boot_list_2_cmd_2_boot
 .u_boot_list_2_cmd_2_bootd
                0x34827f48       0x18 common/libcommon.o
                0x34827f48                _u_boot_list_2_cmd_2_bootd
 .u_boot_list_2_cmd_2_bootm
                0x34827f60       0x18 common/libcommon.o
                0x34827f60                _u_boot_list_2_cmd_2_bootm
 .u_boot_list_2_cmd_2_bootp
                0x34827f78       0x18 common/libcommon.o
                0x34827f78                _u_boot_list_2_cmd_2_bootp
 .u_boot_list_2_cmd_2_chpart
                0x34827f90       0x18 common/libcommon.o
                0x34827f90                _u_boot_list_2_cmd_2_chpart
 .u_boot_list_2_cmd_2_cmp
                0x34827fa8       0x18 common/libcommon.o