
Memory Configuration

Name             Origin             Length             Attributes
rom              0x34000000         0x02000000         xr
ram              0x36000000         0x0a000000         xrw
*default*        0x00000000         0xffffffff

Linker script and memory map

LOAD .obj/source/start.o
LOAD .obj/source/s5pv210-irom.o
LOAD .obj/source/main.o
LOAD /arm_download/usr/local/arm/arm-none-linux-gnueabi-2010-09-50/bin/../lib/gcc/arm-none-linux-gnueabi/4.5.1/libgcc.a
                0x00000400                STACK_FIQ_SIZE = 0x400
                0x00000400                STACK_IRQ_SIZE = 0x400
                0x00000400                STACK_ABT_SIZE = 0x400
                0x00000400                STACK_UND_SIZE = 0x400
                0x00008000                STACK_SRV_SIZE = 0x8000

.text           0x34000000      0xdb0
                0x34000000                . = ALIGN (0x8)
                0x34000000                PROVIDE (__text_start, .)
 .obj/source/start.o(.text)
 .text          0x34000000      0x8c0 .obj/source/start.o
                0x34000010                _start
                0x34000754                irq
 .obj/source/s5pv210-irom.o(.text)
 .text          0x340008c0      0x188 .obj/source/s5pv210-irom.o
                0x340008c0                irom_copyself
 *(.text)
 .text          0x34000a48      0x368 .obj/source/main.o
                0x34000a7c                mdelay
                0x34000a88                led_init
                0x34000b44                key_init
                0x34000bf8                led_set
                0x34000cdc                main
 *(.text.*)
                0x34000db0                . = ALIGN (0x8)
 *(.rodata)
 *(.rodata.*)
                0x34000db0                . = ALIGN (0x8)
 *(.glue_7)
 .glue_7        0x00000000        0x0 linker stubs
 *(.glue_7t)
 .glue_7t       0x00000000        0x0 linker stubs
                0x34000db0                . = ALIGN (0x8)
                0x34000db0                PROVIDE (__text_end, .)

.ARM.extab      0x34000db0        0x0
 .ARM.extab     0x34000db0        0x0 .obj/source/s5pv210-irom.o
 .ARM.extab     0x34000db0        0x0 .obj/source/main.o

.ARM.exidx      0x34000db0       0x28
 .ARM.exidx     0x34000db0        0x8 .obj/source/s5pv210-irom.o
 .ARM.exidx     0x34000db8       0x20 .obj/source/main.o
                                 0x30 (size before relaxing)

.vfp11_veneer   0x34000dd8        0x0
 .vfp11_veneer  0x00000000        0x0 linker stubs

.v4_bx          0x34000dd8        0x0
 .v4_bx         0x00000000        0x0 linker stubs

.data_shadow    0x34000dd8        0x0
                0x34000dd8                PROVIDE (__data_shadow_start, .)
                0x34000dd8                PROVIDE (__data_shadow_end, (. + SIZEOF (.data)))

.data           0x36000000        0x0 load address 0x34000dd8
                0x36000000                PROVIDE (__data_start, .)
 *(.data)
 .data          0x36000000        0x0 .obj/source/start.o
 .data          0x36000000        0x0 .obj/source/s5pv210-irom.o
 .data          0x36000000        0x0 .obj/source/main.o
                0x36000000                . = ALIGN (0x8)
                0x36000000                PROVIDE (__data_end, .)

.bss            0x36000000     0x9000 load address 0x34000dd8
                0x36000000                PROVIDE (__bss_start, .)
 *(.bss)
 .bss           0x36000000        0x0 .obj/source/start.o
 .bss           0x36000000        0x0 .obj/source/s5pv210-irom.o
 .bss           0x36000000        0x0 .obj/source/main.o
 *(.bss.*)
 *(.sbss)
 *(COMMON)
                0x36000000                PROVIDE (__bss_end, .)
                0x36000000                . = ALIGN (0x8)
                0x36000000                PROVIDE (__heap_start, .)
 *(.heap)
                0x36000000                . = ALIGN (0x8)
                0x36000000                PROVIDE (__heap_end, .)
                0x36000000                . = ALIGN (0x8)
                0x36000000                PROVIDE (__stack_start, .)
                0x36000000                PROVIDE (__stack_fiq_start, .)
                0x36000400                . = (. + STACK_FIQ_SIZE)
 *fill*         0x36000000      0x400 00
                0x36000400                PROVIDE (__stack_fiq_end, .)
                0x36000400                . = ALIGN (0x8)
                0x36000400                PROVIDE (__stack_irq_start, .)
                0x36000800                . = (. + STACK_IRQ_SIZE)
 *fill*         0x36000400      0x400 00
                0x36000800                PROVIDE (__stack_irq_end, .)
                0x36000800                . = ALIGN (0x8)
                0x36000800                PROVIDE (__stack_abt_start, .)
                0x36000c00                . = (. + STACK_ABT_SIZE)
 *fill*         0x36000800      0x400 00
                0x36000c00                PROVIDE (__stack_abt_end, .)
                0x36000c00                . = ALIGN (0x8)
                0x36000c00                PROVIDE (__stack_und_start, .)
                0x36001000                . = (. + STACK_UND_SIZE)
 *fill*         0x36000c00      0x400 00
                0x36001000                PROVIDE (__stack_und_end, .)
                0x36001000                . = ALIGN (0x8)
                0x36001000                PROVIDE (__stack_srv_start, .)
                0x36009000                . = (. + STACK_SRV_SIZE)
 *fill*         0x36001000     0x8000 00
                0x36009000                PROVIDE (__stack_srv_end, .)
                0x36009000                . = ALIGN (0x8)
                0x36009000                PROVIDE (__stack_end, .)

.stab
 *(.stab)

.stabstr
 *(.stabstr)

.stab.excl
 *(.stab.excl)

.stab.exclstr
 *(.stab.exclstr)

.stab.index
 *(.stab.index)

.stab.indexstr
 *(.stab.indexstr)

.ARM.attributes
                0x00000000       0x29
 .ARM.attributes
                0x00000000       0x1d .obj/source/start.o
 .ARM.attributes
                0x0000001d       0x33 .obj/source/s5pv210-irom.o
 .ARM.attributes
                0x00000050       0x33 .obj/source/main.o

.note.GNU-stack
                0x00000000        0x0
 .note.GNU-stack
                0x00000000        0x0 .obj/source/s5pv210-irom.o
 .note.GNU-stack
                0x00000000        0x0 .obj/source/main.o

.comment        0x00000000       0x54
 *(.comment)
 .comment       0x00000000       0x2a .obj/source/s5pv210-irom.o
 .comment       0x0000002a       0x2a .obj/source/main.o

.debug_abbrev   0x00000000      0x200
 *(.debug_abbrev)
 .debug_abbrev  0x00000000       0x14 .obj/source/start.o
 .debug_abbrev  0x00000014       0xca .obj/source/s5pv210-irom.o
 .debug_abbrev  0x000000de      0x122 .obj/source/main.o

.debug_info     0x00000000      0xa89
 *(.debug_info)
 .debug_info    0x00000000       0x57 .obj/source/start.o
 .debug_info    0x00000057      0x13c .obj/source/s5pv210-irom.o
 .debug_info    0x00000193      0x8f6 .obj/source/main.o

.debug_line     0x00000000      0x535
 *(.debug_line)
 .debug_line    0x00000000      0x216 .obj/source/start.o
 .debug_line    0x00000216       0xa7 .obj/source/s5pv210-irom.o
 .debug_line    0x000002bd      0x278 .obj/source/main.o

.debug_pubnames
                0x00000000       0x70
 *(.debug_pubnames)
 .debug_pubnames
                0x00000000       0x24 .obj/source/s5pv210-irom.o
 .debug_pubnames
                0x00000024       0x4c .obj/source/main.o

.debug_aranges  0x00000000       0x60
 *(.debug_aranges)
 .debug_aranges
                0x00000000       0x20 .obj/source/start.o
 .debug_aranges
                0x00000020       0x20 .obj/source/s5pv210-irom.o
 .debug_aranges
                0x00000040       0x20 .obj/source/main.o
OUTPUT(output/key_led.elf elf32-littlearm)

.debug_frame    0x00000000       0xc4
 .debug_frame   0x00000000       0x44 .obj/source/s5pv210-irom.o
 .debug_frame   0x00000044       0x80 .obj/source/main.o

.debug_loc      0x00000000      0x1f7
 .debug_loc     0x00000000      0x119 .obj/source/s5pv210-irom.o
 .debug_loc     0x00000119       0xde .obj/source/main.o

.debug_str      0x00000000      0x153
 .debug_str     0x00000000       0xe7 .obj/source/s5pv210-irom.o
                                0x109 (size before relaxing)
 .debug_str     0x000000e7       0x6c .obj/source/main.o
                                0x119 (size before relaxing)

.debug_ranges   0x00000000      0x128
 .debug_ranges  0x00000000      0x128 .obj/source/main.o

Cross Reference Table

Symbol                                            File
__aeabi_unwind_cpp_pr0                            .obj/source/main.o
                                                  .obj/source/s5pv210-irom.o
__bss_end                                         .obj/source/start.o
__bss_start                                       .obj/source/start.o
__data_end                                        .obj/source/start.o
__data_shadow_end                                 .obj/source/s5pv210-irom.o
                                                  .obj/source/start.o
__data_shadow_start                               .obj/source/start.o
__data_start                                      .obj/source/start.o
__stack_abt_end                                   .obj/source/start.o
__stack_fiq_end                                   .obj/source/start.o
__stack_irq_end                                   .obj/source/start.o
__stack_srv_end                                   .obj/source/start.o
__stack_und_end                                   .obj/source/start.o
__text_end                                        .obj/source/start.o
__text_start                                      .obj/source/s5pv210-irom.o
                                                  .obj/source/start.o
_start                                            .obj/source/start.o
irom_copyself                                     .obj/source/s5pv210-irom.o
                                                  .obj/source/start.o
irq                                               .obj/source/start.o
key_init                                          .obj/source/main.o
led_init                                          .obj/source/main.o
led_set                                           .obj/source/main.o
main                                              .obj/source/main.o
                                                  .obj/source/start.o
mdelay                                            .obj/source/main.o
