
Memory Configuration

Name             Origin             Length             Attributes
rom              0x34000000         0x02000000         xr
ram              0x36000000         0x0a000000         xrw
*default*        0x00000000         0xffffffff

Linker script and memory map

LOAD .obj/source/start.o
LOAD .obj/source/s5pv210-irom.o
LOAD .obj/source/main.o
LOAD /arm/arm-2009q3/bin/../lib/gcc/arm-none-linux-gnueabi/4.4.1/libgcc.a
                0x00000400                STACK_FIQ_SIZE = 0x400
                0x00000400                STACK_IRQ_SIZE = 0x400
                0x00000400                STACK_ABT_SIZE = 0x400
                0x00000400                STACK_UND_SIZE = 0x400
                0x00008000                STACK_SRV_SIZE = 0x8000

.text           0x34000000      0xac0
                0x34000000                . = ALIGN (0x8)
                0x34000000                PROVIDE (__text_start, .)
 .obj/source/start.o(.text)
 .text          0x34000000      0x8b8 .obj/source/start.o
                0x34000010                _start
                0x34000754                irq
 .obj/source/s5pv210-irom.o(.text)
 .text          0x340008b8      0x120 .obj/source/s5pv210-irom.o
                0x340008b8                irom_copyself
 *(.text)
 .text          0x340009d8       0x88 .obj/source/main.o
                0x34000a0c                mdelay
                0x34000a18                speaker_init
                0x34000a40                speaker_set
 *(.text.*)
 .text.startup  0x34000a60       0x60 .obj/source/main.o
                0x34000a60                main
                0x34000ac0                . = ALIGN (0x8)
 *(.rodata)
 *(.rodata.*)
                0x34000ac0                . = ALIGN (0x8)
 *(.glue_7)
 .glue_7        0x00000000        0x0 linker stubs
 *(.glue_7t)
 .glue_7t       0x00000000        0x0 linker stubs
                0x34000ac0                . = ALIGN (0x8)
                0x34000ac0                PROVIDE (__text_end, .)

.vfp11_veneer   0x34000ac0        0x0
 .vfp11_veneer  0x00000000        0x0 linker stubs

.v4_bx          0x34000ac0        0x0
 .v4_bx         0x00000000        0x0 linker stubs

.data_shadow    0x34000ac0        0x0
                0x34000ac0                PROVIDE (__data_shadow_start, .)
                0x34000ac0                PROVIDE (__data_shadow_end, (. + SIZEOF (.data)))

.data           0x36000000        0x0 load address 0x34000ac0
                0x36000000                PROVIDE (__data_start, .)
 *(.data)
 .data          0x36000000        0x0 .obj/source/start.o
 .data          0x36000000        0x0 .obj/source/s5pv210-irom.o
 .data          0x36000000        0x0 .obj/source/main.o
                0x36000000                . = ALIGN (0x8)
                0x36000000                PROVIDE (__data_end, .)

.bss            0x36000000     0x9000 load address 0x34000ac0
                0x36000000                PROVIDE (__bss_start, .)
 *(.bss)
 .bss           0x36000000        0x0 .obj/source/start.o
 .bss           0x36000000        0x0 .obj/source/s5pv210-irom.o
 .bss           0x36000000        0x0 .obj/source/main.o
 *(.bss.*)
 *(.sbss)
 *(COMMON)
                0x36000000                PROVIDE (__bss_end, .)
                0x36000000                . = ALIGN (0x8)
                0x36000000                PROVIDE (__heap_start, .)
 *(.heap)
                0x36000000                . = ALIGN (0x8)
                0x36000000                PROVIDE (__heap_end, .)
                0x36000000                . = ALIGN (0x8)
                0x36000000                PROVIDE (__stack_start, .)
                0x36000000                PROVIDE (__stack_fiq_start, .)
                0x36000400                . = (. + STACK_FIQ_SIZE)
 *fill*         0x36000000      0x400 00
                0x36000400                PROVIDE (__stack_fiq_end, .)
                0x36000400                . = ALIGN (0x8)
                0x36000400                PROVIDE (__stack_irq_start, .)
                0x36000800                . = (. + STACK_IRQ_SIZE)
 *fill*         0x36000400      0x400 00
                0x36000800                PROVIDE (__stack_irq_end, .)
                0x36000800                . = ALIGN (0x8)
                0x36000800                PROVIDE (__stack_abt_start, .)
                0x36000c00                . = (. + STACK_ABT_SIZE)
 *fill*         0x36000800      0x400 00
                0x36000c00                PROVIDE (__stack_abt_end, .)
                0x36000c00                . = ALIGN (0x8)
                0x36000c00                PROVIDE (__stack_und_start, .)
                0x36001000                . = (. + STACK_UND_SIZE)
 *fill*         0x36000c00      0x400 00
                0x36001000                PROVIDE (__stack_und_end, .)
                0x36001000                . = ALIGN (0x8)
                0x36001000                PROVIDE (__stack_srv_start, .)
                0x36009000                . = (. + STACK_SRV_SIZE)
 *fill*         0x36001000     0x8000 00
                0x36009000                PROVIDE (__stack_srv_end, .)
                0x36009000                . = ALIGN (0x8)
                0x36009000                PROVIDE (__stack_end, .)

.stab
 *(.stab)

.stabstr
 *(.stabstr)

.stab.excl
 *(.stab.excl)

.stab.exclstr
 *(.stab.exclstr)

.stab.index
 *(.stab.index)

.stab.indexstr
 *(.stab.indexstr)

.ARM.attributes
                0x00000000       0x33
 .ARM.attributes
                0x00000000       0x25 .obj/source/start.o
 .ARM.attributes
                0x00000025       0x37 .obj/source/s5pv210-irom.o
 .ARM.attributes
                0x0000005c       0x37 .obj/source/main.o

.comment        0x00000000       0x31
 *(.comment)
 .comment       0x00000000       0x31 .obj/source/s5pv210-irom.o
                                 0x32 (size before relaxing)
 .comment       0x00000000       0x32 .obj/source/main.o

.debug_abbrev   0x00000000      0x2d1
 *(.debug_abbrev)
 .debug_abbrev  0x00000000       0x14 .obj/source/start.o
 .debug_abbrev  0x00000014      0x100 .obj/source/s5pv210-irom.o
 .debug_abbrev  0x00000114      0x1bd .obj/source/main.o

.debug_info     0x00000000      0x69f
 *(.debug_info)
 .debug_info    0x00000000       0x66 .obj/source/start.o
 .debug_info    0x00000066      0x202 .obj/source/s5pv210-irom.o
 .debug_info    0x00000268      0x437 .obj/source/main.o

.debug_line     0x00000000      0x456
 *(.debug_line)
 .debug_line    0x00000000      0x27a .obj/source/start.o
 .debug_line    0x0000027a       0xba .obj/source/s5pv210-irom.o
 .debug_line    0x00000334      0x122 .obj/source/main.o

.debug_pubnames
 *(.debug_pubnames)

.debug_aranges  0x00000000       0x68
 *(.debug_aranges)
 .debug_aranges
                0x00000000       0x20 .obj/source/start.o
 .debug_aranges
                0x00000020       0x20 .obj/source/s5pv210-irom.o
 .debug_aranges
                0x00000040       0x28 .obj/source/main.o
OUTPUT(output/buzzer.elf elf32-littlearm)

.debug_loc      0x00000000      0x2ef
 .debug_loc     0x00000000       0xec .obj/source/s5pv210-irom.o
 .debug_loc     0x000000ec      0x203 .obj/source/main.o

.debug_str      0x00000000      0x220
 .debug_str     0x00000000      0x1b5 .obj/source/s5pv210-irom.o
                                0x1d7 (size before relaxing)
 .debug_str     0x000001b5       0x6b .obj/source/main.o
                                0x161 (size before relaxing)

.debug_frame    0x00000000       0xb0
 .debug_frame   0x00000000       0x40 .obj/source/s5pv210-irom.o
 .debug_frame   0x00000040       0x70 .obj/source/main.o

.debug_ranges   0x00000000      0x110
 .debug_ranges  0x00000000      0x110 .obj/source/main.o

Cross Reference Table

Symbol                                            File
__bss_end                                         .obj/source/start.o
__bss_start                                       .obj/source/start.o
__data_end                                        .obj/source/start.o
__data_shadow_end                                 .obj/source/s5pv210-irom.o
                                                  .obj/source/start.o
__data_shadow_start                               .obj/source/start.o
__data_start                                      .obj/source/start.o
__stack_abt_end                                   .obj/source/start.o
__stack_fiq_end                                   .obj/source/start.o
__stack_irq_end                                   .obj/source/start.o
__stack_srv_end                                   .obj/source/start.o
__stack_und_end                                   .obj/source/start.o
__text_end                                        .obj/source/start.o
__text_start                                      .obj/source/s5pv210-irom.o
                                                  .obj/source/start.o
_start                                            .obj/source/start.o
irom_copyself                                     .obj/source/s5pv210-irom.o
                                                  .obj/source/start.o
irq                                               .obj/source/start.o
main                                              .obj/source/main.o
                                                  .obj/source/start.o
mdelay                                            .obj/source/main.o
speaker_init                                      .obj/source/main.o
speaker_set                                       .obj/source/main.o
