c3e00010 T _start
c3e00030 t _undefined_instruction
c3e00034 t _software_interrupt
c3e00038 t _prefetch_abort
c3e0003c t _data_abort
c3e00040 t _not_used
c3e00044 t _irq
c3e00048 t _fiq
c3e0004c t _pad
c3e00050 T _end_vect
c3e00050 t _TEXT_BASE
c3e00054 t _TEXT_PHY_BASE
c3e00058 T _armboot_start
c3e0005c T _bss_start
c3e00060 T _bss_end
c3e00064 t reset
c3e00068 t cpu_init_crit
c3e00170 t nand_boot
c3e0017c t onenand_boot
c3e00184 t mmcsd_boot
c3e0018c t nor_boot
c3e00194 t after_copy
c3e00194 t enable_mmu
c3e001b4 t mmu_on
c3e001d0 t skip_hw_init
c3e001d0 t stack_setup
c3e001d4 t clear_bss
c3e001e0 t clbss_l
c3e001f4 t _start_armboot
c3e001f8 t _mmu_table_base
c3e001fc T copy_from_nand
c3e00238 t copy_failed
c3e00240 t compare_failed
c3e00248 T theLastJump
c3e00264 t phy_last_jump
c3e002a0 t undefined_instruction
c3e00300 t software_interrupt
c3e00360 t prefetch_abort
c3e003c0 t data_abort
c3e00420 t not_used
c3e00480 t irq
c3e004e0 t fiq
c3e00540 T arm_cache_flush
c3e00560 T v7_flush_dcache_all
c3e00578 t Loop1
c3e005b8 t Loop2
c3e005bc t Loop3
c3e005d8 t Skip
c3e005e4 t Finished
c3e00600 T disable_l2cache
c3e00620 T enable_l2cache
c3e00640 T set_l2cache_auxctrl
c3e00660 T set_l2cache_auxctrl_cycle
c3e00680 t CoInvalidateDCacheIndex
c3e006c0 T mem_ctrl_asm_init
c3e0077c t find_lock_val
c3e008e8 t find_lock_val1
c3e00a38 T cleanDCache
c3e00a44 T cleanFlushDCache
c3e00a50 T cleanFlushCache
c3e00ad0 t _TEXT_BASE
c3e00ad4 T lowlevel_init
c3e00bd8 t wakeup_reset_from_didle
c3e00bdc t lockloop
c3e00bf0 t wakeup_reset_pre
c3e00c08 t wakeup_reset
c3e00c14 t exit_wakeup
c3e00c28 t system_clock_init
c3e00c48 t retryloop
c3e00d64 t uart_asm_init
c3e00db4 t nand_asm_init
c3e00e4c t tzpc_init
c3e00ea0 t onenandcon_init
c3e00ed4 t wait_orwb
c3e00fb0 T onenand_readw
c3e00fb8 T onenand_writew
c3e00fc0 T onenand_loadpage
c3e01044 T onenand_isbad
c3e0106c T onenand_readpage
c3e010b8 T onenand_bl2_copy
c3e01114 t nand_readpage
c3e011b4 T copy_uboot_to_ram
c3e01294 T movi_bl2_copy
c3e012f8 T movi_zImage_copy
c3e0133c T print_movi_bl2_info
c3e01354 T movi_write_bl1
c3e013a8 T movi_write_env
c3e013c0 T movi_read_env
c3e013d8 T Check_Signature
c3e01480 T SHA1_digest
c3e01520 T Delay
c3e01524 T SCLH_SDAH
c3e01548 T SCLH_SDAL
c3e0156c T SCLL_SDAH
c3e01590 T SCLL_SDAL
c3e015b4 T IIC_ELow
c3e015cc T IIC_EHigh
c3e015e4 T IIC_EStart
c3e015fc T IIC_EEnd
c3e01614 T IIC_EAck
c3e01694 T IIC_ESetport
c3e016e4 T IIC_EWrite
c3e01788 T PMIC_InitIp
c3e01864 T enable_interrupts
c3e01868 T disable_interrupts
c3e01870 T set_timer
c3e01880 T reset_timer_masked
c3e018a0 T reset_timer
c3e018a4 T get_timer_masked
c3e018ec T get_timer
c3e01900 T udelay
c3e01970 T udelay_masked
c3e019e0 T get_ticks
c3e019f4 T get_tbclk
c3e01a0c T interrupt_init
c3e01a88 T show_regs
c3e01bc8 T bad_mode
c3e01be4 T do_irq
c3e01c08 T do_fiq
c3e01c2c T do_not_used
c3e01c50 T do_data_abort
c3e01c74 T do_prefetch_abort
c3e01c98 T do_software_interrupt
c3e01cbc T do_undefined_instruction
c3e01ce0 t read_p15_c1
c3e01ce8 t write_p15_c1
c3e01cf0 t cp_delay
c3e01d1c T cpu_init
c3e01d24 T icache_enable
c3e01d40 T icache_disable
c3e01d5c T icache_status
c3e01d70 T dcache_enable
c3e01d8c T dcache_disable
c3e01da8 T dcache_status
c3e01dbc T branch_enable
c3e01dd8 T branch_disable
c3e01df4 T branch_status
c3e01e08 T cpu_mmc_init
c3e01e1c T reset_cpu
c3e01e50 T do_reset
c3e01e68 T cleanup_before_linux
c3e01e94 T setup_hsmmc_cfg_gpio
c3e01f08 T setup_sdhci0_cfg_card
c3e01f88 T setup_hsmmc_clock
c3e0201c T serial_setbrg
c3e02020 T serial_init
c3e02030 t T.32
c3e0203c T serial_tstc
c3e02050 T serial_putc
c3e02080 T serial_puts
c3e020a8 T serial_getc
c3e020c4 t get_PLLCLK
c3e0214c T get_UCLK
c3e02154 T get_MPLL_CLK
c3e0215c T get_FCLK
c3e02164 T get_SCLKA2M
c3e0218c T get_HCLKP
c3e021e8 T get_PCLKP
c3e02210 T get_HCLKD
c3e0226c T get_PCLKD
c3e02294 T get_HCLK
c3e022ec T get_PCLK
c3e02314 T get_ARMCLK
c3e0233c T print_cpuinfo
c3e02500 T __divsi3
c3e02618 t Ldiv0
c3e02640 T __udivsi3
c3e02658 t Loop1
c3e0266c t Lbignum
c3e02680 t Loop3
c3e026c0 t Lgot_result
c3e026c8 t Ldiv0
c3e026d8 T sbrk
c3e02710 T __coloured_LED_init
c3e02710 W coloured_LED_init
c3e02714 T __red_LED_on
c3e02714 W red_LED_on
c3e02718 T __red_LED_off
c3e02718 W red_LED_off
c3e0271c T __green_LED_on
c3e0271c W green_LED_on
c3e02720 T __green_LED_off
c3e02720 W green_LED_off
c3e02724 T __yellow_LED_on
c3e02724 W yellow_LED_on
c3e02728 T __yellow_LED_off
c3e02728 W yellow_LED_off
c3e0272c T hang
c3e0273c t display_dram_config
c3e02778 t display_banner
c3e027cc t init_baudrate
c3e0282c T strmhz
c3e02894 T start_armboot
c3e02b10 T __div0
c3e02b20 T __modsi3
c3e02bf4 t Ldiv0
c3e02c20 t __fswab16
c3e02c38 t __fswab32
c3e02c54 t startAgainTimeout
c3e02c68 t startAgainHandler
c3e02c6c T NetSetHandler
c3e02c7c T NetCksum
c3e02cc4 T NetCksumOk
c3e02ce8 T copy_filename
c3e02d40 T string_to_VLAN
c3e02d8c T getenv_VLAN
c3e02d9c T string_to_ip
c3e02e04 T getenv_IPaddr
c3e02e14 T NetEthHdrSize
c3e02e58 T VLAN_to_string
c3e02eb8 T ip_to_string
c3e02efc T print_IPaddr
c3e02f18 t NetCopyIP
c3e02f20 T NetSetIP
c3e03020 T NetSetEther
c3e030d0 t NetReadIP
c3e030ec t PingHandler
c3e03114 t NetWriteIP
c3e03130 T NetSendPacket
c3e03134 T ArpRequest
c3e03220 T NetReceive
c3e03788 T PingSend
c3e038c4 T NetSetTimeout
c3e038f4 T NetSendUDPPacket
c3e03a34 T NetStartAgain
c3e03ab0 T ArpTimeoutCheck
c3e03b24 t PingTimeout
c3e03b40 T NetLoop
c3e03f50 t __fswab16
c3e03f68 t TftpSend
c3e040e8 T TftpStart
c3e04354 t TftpTimeout
c3e043b0 t TftpHandler
c3e04650 t __fswab16
c3e04668 t __fswab32
c3e04684 t truncate_sz
c3e046b8 t NetCopyLong
c3e046c0 t NetCopyIP
c3e046c8 t NetReadLong
c3e046e4 t DhcpOptionsProcess
c3e048b4 t DhcpExtended
c3e04aa0 t T.63
c3e04ac0 t DhcpHandler
c3e04e2c T BootpRequest
c3e04fdc T DhcpRequest
c3e04fe0 t BootpTimeout
c3e05028 T RarpRequest
c3e05124 t RarpHandler
c3e05180 t RarpTimeout
c3e051c8 T eth_initialize
c3e051d0 t __fswab32
c3e051ec t basename
c3e05228 t dirname
c3e05244 t rpc_add_credentials
c3e05324 t rpc_lookup_reply
c3e053d0 t nfs_mount_reply
c3e05464 t nfs_umountall_reply
c3e054e4 t nfs_lookup_reply
c3e05570 t rpc_req
c3e0566c t rpc_lookup_req
c3e056cc t nfs_mount_req
c3e05760 t nfs_umountall_req
c3e057b8 t nfs_lookup_req
c3e05860 t nfs_read_req
c3e058d8 t nfs_readlink_req
c3e05928 t NfsSend
c3e059bc T NfsStart
c3e05bf4 t NfsTimeout
c3e05c3c t nfs_readlink_reply
c3e05d34 t nfs_read_reply
c3e05e70 t NfsHandler
c3e06050 t __fswab32
c3e0606c T mmc_send_cmd
c3e0607c T mmc_set_blocklen
c3e060b0 T mmc_send_ext_csd
c3e06100 T mmc_set_relative_addr
c3e06134 T mmc_switch
c3e06180 T mmc_change_freq
c3e06260 T sd_switch
c3e062d0 T mmc_set_ios
c3e062e0 T mmc_set_clock
c3e06300 T mmc_set_bus_width
c3e06308 T mmc_send_if_cond
c3e06384 t __def_mmc_init
c3e06384 W board_mmc_init
c3e0638c T print_mmc_devices
c3e06400 T find_mmc_device
c3e0644c T mmc_get_dev
c3e06460 t mmc_bwrite
c3e06524 T movi_write
c3e0653c t mmc_bread_primitive
c3e065f0 t mmc_bread
c3e06664 T movi_read
c3e0667c T sd_change_freq
c3e06850 T mmc_startup
c3e06e48 T mmc_send_app_op_cond
c3e06f44 T mmc_go_idle
c3e06f98 T mmc_send_op_cond
c3e07038 T mmc_init
c3e0709c T mmc_initialize
c3e07134 T mmc_register
c3e0719c t s3c_hsmmc_initialize
c3e0728c T smdk_s3c_hsmmc_init
c3e072b4 t sdhci_change_clock
c3e07388 t s3c_hsmmc_set_ios
c3e073d0 t s3c_hsmmc_send_command
c3e076e0 t T.36
c3e07740 t s3c_hsmmc_init
c3e07794 t dm9000_outblk_8bit
c3e077bc t dm9000_outblk_16bit
c3e077f4 t dm9000_outblk_32bit
c3e07828 t dm9000_inblk_8bit
c3e07850 t dm9000_inblk_16bit
c3e07888 t dm9000_inblk_32bit
c3e078bc t dm9000_rx_status_32bit
c3e078e4 t dm9000_rx_status_16bit
c3e07908 t dm9000_rx_status_8bit
c3e0793c t DM9000_ior
c3e07954 t DM9000_iow
c3e07970 T write_srom_word
c3e079c8 T read_srom_word
c3e07a1c t phy_write
c3e07a74 T eth_halt
c3e07aac t phy_read
c3e07b04 t dm9000_reset
c3e07ba4 T eth_rx
c3e07cec T eth_send
c3e07dc0 T eth_init
c3e0834c T __show_boot_progress
c3e0834c W show_boot_progress
c3e08350 T parse_line
c3e083dc T do_run
c3e08450 T run_command
c3e08818 t cread_add_char
c3e08904 t cread_add_str
c3e08958 T readline_into_buffer
c3e08fbc T readline
c3e08fc8 T main_loop
c3e090f8 t __fswab32
c3e09114 T autoscript
c3e09240 T do_autoscript
c3e09284 t print_num
c3e09298 T do_bdinfo
c3e0938c t __fswab32
c3e093a8 t image_get_data
c3e093b0 t image_check_type
c3e093c8 T image_multi_count
c3e093f0 t get_table_entry_name
c3e0941c T genimg_get_os_name
c3e09434 T genimg_get_arch_name
c3e0944c T genimg_get_type_name
c3e09464 T genimg_get_comp_name
c3e0947c T genimg_get_image
c3e09480 T genimg_has_config
c3e09488 t get_table_entry_id
c3e094d4 T genimg_get_comp_id
c3e094ec T genimg_get_type_id
c3e09504 T genimg_get_arch_id
c3e0951c T genimg_get_os_id
c3e09534 t image_check_magic
c3e09558 T genimg_get_format
c3e09594 t image_get_data_size
c3e0959c t image_get_load
c3e095a4 T image_multi_getimg
c3e0962c T memmove_wd
c3e09630 T getenv_bootm_size
c3e09664 T getenv_bootm_low
c3e09698 T getenv_yesno
c3e096bc t genimg_print_size
c3e096e8 T image_print_contents
c3e098cc T image_check_dcrc
c3e09914 T image_check_hcrc
c3e09968 T boot_get_ramdisk
c3e09bc4 W do_go_exec
c3e09bdc T do_go
c3e09c60 t __fswab32
c3e09c7c T __board_lmb_reserve
c3e09c7c W board_lmb_reserve
c3e09c80 t do_imls
c3e09d34 t image_check_magic
c3e09d58 t image_info
c3e09e20 t image_get_size
c3e09e28 t image_get_ep
c3e09e30 T print_image_hdr
c3e09fd8 T do_iminfo
c3e0a038 T do_bootd
c3e0a05c T do_bootm
c3e0a784 t on_off
c3e0a7c0 T do_dcache
c3e0a844 T do_icache
c3e0a8c8 T do_coninfo
c3e0a9cc T valid_elf_image
c3e0aa20 T load_elf_image
c3e0ab20 T do_bootvx
c3e0ac9c W do_bootelf_exec
c3e0ace0 T do_bootelf
c3e0ad78 T ext_format
c3e0ae64 T do_ext3_format
c3e0ae74 T do_ext2_format
c3e0ae84 T do_ext2load
c3e0b15c T do_ext2ls
c3e0b2a0 T do_fat_format
c3e0b388 T do_fat_fsinfo
c3e0b488 T do_fat_ls
c3e0b590 T do_fat_fsload
c3e0b72c t flash_fill_sect_ranges
c3e0b8d8 T flash_sect_protect
c3e0b9cc t addr_spec
c3e0bb2c t abbrev_spec
c3e0bc70 T do_protect
c3e0bf00 T flash_sect_erase
c3e0bfd8 T do_flerase
c3e0c170 T do_flinfo
c3e0c1ec t evalstr
c3e0c208 t evalexp
c3e0c250 T binary_test
c3e0c430 T do_itest
c3e0c4d8 T ktrans
c3e0c500 T chk1
c3e0c530 t bin_data_init
c3e0c550 t bin_data_char
c3e0c584 T k_data_init
c3e0c5a4 T k_data_save
c3e0c5c8 T k_data_restore
c3e0c5e8 T k_data_char
c3e0c63c T send_pad
c3e0c66c T s1_sendpacket
c3e0c698 T handle_send_packet
c3e0c85c T send_nack
c3e0c8bc T send_ack
c3e0c91c t load_serial_ymodem
c3e0ca50 t getcxmodem
c3e0ca70 T do_load_serial_bin
c3e0ced0 t load_serial
c3e0d108 T do_load_serial
c3e0d1e8 T do_mem_base
c3e0d22c T do_mem_crc
c3e0d2e8 T do_mem_mtest
c3e0d410 T cmd_get_data_size
c3e0d460 T do_mem_loop
c3e0d564 T do_mem_cp
c3e0d690 T do_mem_cmp
c3e0d82c T do_mem_mw
c3e0d8f8 t mod_mem
c3e0da4c T do_mem_nm
c3e0da6c T do_mem_mm
c3e0da8c T do_mem_md
c3e0db6c T do_sleep
c3e0dbfc T do_mmcinfo
c3e0dd64 T do_mmcops
c3e0e064 T do_ping
c3e0e0ec t netboot_common
c3e0e3e8 T do_nfs
c3e0e3f4 T do_dhcp
c3e0e400 T do_rarpb
c3e0e40c T do_tftpb
c3e0e418 T do_bootp
c3e0e424 T envmatch
c3e0e484 T getenv_r
c3e0e524 T do_saveenv
c3e0e550 T getenv
c3e0e5b8 T _do_setenv
c3e0ea1c T do_setenv
c3e0ea54 T setenv
c3e0ea98 T do_printenv
c3e0ec10 T do_reginfo
c3e0ec18 T do_usbd_dnw
c3e0ed20 T do_imgextract
c3e0ef5c T find_cmd
c3e0eff0 T do_echo
c3e0f070 T do_help
c3e0f214 T do_version
c3e0f234 T do_exit
c3e0f264 T do_test
c3e0f6cc t console_setfile
c3e0f76c T fgetc
c3e0f794 T ftstc
c3e0f7bc T fputc
c3e0f7e8 T fputs
c3e0f814 T disable_ctrlc
c3e0f82c T had_ctrlc
c3e0f83c T clear_ctrlc
c3e0f850 T dbg
c3e0f85c T console_init_f
c3e0f86c T console_assign
c3e0f8fc T fprintf
c3e0f944 T puts
c3e0f960 T vprintf
c3e0f98c T printf
c3e0f9cc T console_init_r
c3e0fb34 T serial_printf
c3e0fb74 T putc
c3e0fb94 T tstc
c3e0fbac T getc
c3e0fbc4 T ctrlc
c3e0fc10 T devices_done
c3e0fc2c T device_register
c3e0fc50 T devices_init
c3e0fcfc T malloc_bin_reloc
c3e0fd34 T malloc_usable_size
c3e0fd78 T mallopt
c3e0fdf0 T malloc_trim
c3e0febc T free
c3e100e0 T cfree
c3e100e4 T malloc
c3e106bc T memalign
c3e107cc T pvalloc
c3e107e4 T valloc
c3e107f0 T calloc
c3e108d0 T realloc
c3e10d30 T env_get_char_memory
c3e10d54 T env_get_addr
c3e10d78 T set_default_env
c3e10d84 T env_relocate
c3e10ddc T env_get_char
c3e10e0c T env_crc_update
c3e10e38 t dummy
c3e10e3c T get_version
c3e10e44 T jumptable_init
c3e10f1c T flash_protect
c3e10ff4 T addr2info
c3e1103c T flash_perror
c3e1111c T flash_write
c3e11284 t b_reset
c3e112a0 T simple_itoa
c3e112f8 t static_get
c3e11314 t static_peek
c3e11320 t file_peek
c3e1132c t setup_string_in_str
c3e11358 t indenter
c3e11368 t is_assignment
c3e113c0 T mapset
c3e113ec T u_boot_hush_start
c3e11468 t file_get
c3e11634 t syntax_err
c3e11640 t xmalloc
c3e11660 T new_pipe
c3e11688 t free_pipe_list
c3e11778 t b_free
c3e1179c t xrealloc
c3e117bc t done_command
c3e11844 t initialize_context
c3e1187c t done_pipe
c3e118cc T reserved_word
c3e11a04 t done_word
c3e11b7c t insert_var_value
c3e11d28 T update_ifs_map
c3e11d98 t b_addchr
c3e11e10 t b_addqchr
c3e11e5c t T.120
c3e11fd0 t run_list_real
c3e12788 t parse_stream_outer
c3e12d58 T parse_file_outer
c3e12da0 T parse_string_outer
c3e12e68 T GetHandleSize
c3e12e70 T ListSetAllocationPolicy
c3e12e84 T ListGetPtrToItem
c3e12eb4 T ListGetDataPtr
c3e12ec0 T ListGetItemSize
c3e12ecc T ListNumItems
c3e12ed8 T ListGetItems
c3e12f1c T SetHandleSize
c3e12f98 T ListInsertItems
c3e13158 T ListInsertItem
c3e13160 T DisposeHandle
c3e13180 T ListDispose
c3e13184 T NewHandle
c3e131e0 T ListCreate
c3e13240 t hex1_bin
c3e13278 t hex2_bin
c3e132ac T srec_decode
c3e1351c T usb_disable_asynch
c3e13534 T usb_maxpacket
c3e13558 T usb_set_maxpacket
c3e13678 T usb_get_dev_index
c3e136a8 T usb_hub_reset
c3e136bc T usb_hub_allocate
c3e13704 T usb_alloc_new_device
c3e137a4 T usb_parse_config
c3e138f4 T usb_submit_int_msg
c3e138f8 T usb_stop
c3e13928 T wait_ms
c3e1394c T usb_bulk_msg
c3e139b0 T usb_control_msg
c3e13a88 T usb_get_port_status
c3e13ae8 T usb_get_hub_status
c3e13b3c T usb_set_port_feature
c3e13b9c T usb_clear_port_feature
c3e13bfc T usb_clear_hub_feature
c3e13c50 T usb_get_hub_descriptor
c3e13cb0 T usb_get_string
c3e13d40 t usb_string_sub
c3e13e40 T usb_string
c3e13f3c T usb_get_class_descriptor
c3e13fb4 T usb_get_report
c3e1402c T usb_set_idle
c3e14090 T usb_set_protocol
c3e140f0 T usb_set_configuration
c3e14160 T usb_set_interface
c3e14220 T usb_set_address
c3e14264 T usb_get_descriptor
c3e142d4 T usb_get_configuration_no
c3e1436c T usb_clear_halt
c3e14410 t usb_hub_power_on
c3e14454 T usb_hub_port_connect_change
c3e14590 T usb_hub_configure
c3e147b8 T usb_hub_probe
c3e14814 T usb_new_device
c3e14a44 T usb_scan_devices
c3e14aa8 T usb_init
c3e14b24 T parse_num
c3e14c48 T xyzModem_error
c3e14c68 T xyzModem_stream_close
c3e14cb8 T CYGACC_COMM_IF_PUTC
c3e14cc0 T CYGACC_COMM_IF_GETC_TIMEOUT
c3e14d18 t xyzModem_flush
c3e14d40 T xyzModem_stream_terminate
c3e14e14 t xyzModem_get_hdr
c3e1509c T xyzModem_stream_read
c3e15330 T xyzModem_stream_open
c3e15488 T do_movi
c3e157ec T init_raw_area_table
c3e15980 t reset_handler
c3e1599c T fastboot_flash_get_ptn
c3e159c0 T fastboot_flash_get_ptn_count
c3e159d0 T fastboot_flash_find_ptn
c3e15a44 T fastboot_flash_dump_ptn
c3e15b24 T fastboot_flash_add_ptn
c3e15b60 t write_to_ptn
c3e15d3c t set_partition_table
c3e16014 T do_fastboot
c3e161cc t T.88
c3e16404 t rx_handler
c3e16e0c t update_from_sd
c3e16f74 T update_all
c3e17090 T do_sdfuse
c3e172e0 T calc_unit
c3e17340 T encode_chs
c3e17360 T get_SDInfo
c3e17448 T make_partitionInfo
c3e17640 T put_mmc_mbr
c3e176b4 T get_mmc_mbr
c3e17724 T get_mmc_block_count
c3e17770 T decode_partitionInfo
c3e177b0 T get_mmc_part_info
c3e1784c T print_mmc_part_info
c3e179e0 T encode_partitionInfo
c3e17a50 T make_mmc_partition
c3e17d04 T create_mmc_fdisk
c3e17d8c T do_fdisk
c3e17e04 T env_get_char_spec
c3e17e10 T env_init
c3e17e2c T saveenv_nand
c3e17e34 T saveenv_nand_adv
c3e17e3c t use_default
c3e17ec8 T env_relocate_spec_onenand
c3e17ecc T env_relocate_spec_nand
c3e17ed0 T env_relocate_spec_movinand
c3e17f48 T env_relocate_spec_nor
c3e17fa0 T env_relocate_spec
c3e17fec T saveenv_onenand
c3e18004 T saveenv_nor
c3e180f8 T saveenv_movinand
c3e18124 T saveenv
c3e1818c T gunzip
c3e182e4 T zfree
c3e182ec T zalloc
c3e182fc T cyg_crc16
c3e18344 T board_init
c3e183ac T dram_init
c3e183e0 T board_late_init
c3e183e8 T virt_to_phy_smdkc110
c3e183f8 T x210_preboot_init
c3e18408 T checkboard
c3e18420 T read_hword
c3e18434 T flash_print_info
c3e18558 t write_hword
c3e1866c T write_buff
c3e18848 T flash_erase_all
c3e1894c T flash_erase
c3e18b38 T flash_init
c3e18bfc T crc32
c3e18d08 T crc32_wd
c3e18d0c T print_size
c3e18dd4 T display_options
c3e18df4 T print_buffer
c3e18f54 T lmb_dump_all
c3e18f58 t lmb_addrs_adjacent
c3e18f7c t lmb_remove_region
c3e18fb8 T lmb_init
c3e18fe0 t lmb_add_region
c3e191b0 T lmb_add
c3e191b4 T lmb_free
c3e192ac T lmb_reserve
c3e192b4 T lmb_overlaps_region
c3e19308 t lmb_align_down
c3e19314 T __lmb_alloc_base
c3e19424 T lmb_is_reserved
c3e19484 T lmb_alloc_base
c3e194b8 T lmb_alloc
c3e194c0 T strcpy
c3e194dc T strncpy
c3e19504 T strcat
c3e19534 T strncat
c3e19590 T strcmp
c3e195c0 T strncmp
c3e19608 T strchr
c3e19634 T strlen
c3e19654 T strrchr
c3e1968c T strnlen
c3e196b4 T strspn
c3e196f8 T strpbrk
c3e19730 T strtok
c3e197ac T strsep
c3e197e0 T strswab
c3e19828 T memset
c3e19848 T bcopy
c3e19870 T memcpy
c3e19894 T memmove
c3e198f0 T memcmp
c3e19928 T memscan
c3e19958 T strstr
c3e199b8 T memchr
c3e199e4 T strdup
c3e19a18 T simple_strtoul
c3e19ac8 T simple_strtol
c3e19af0 t skip_atoi
c3e19b28 t number
c3e19d6c T panic
c3e19dbc T vsprintf
c3e1a1e0 T sprintf
c3e1a208 t falloc
c3e1a22c t ffree
c3e1a230 t inflate_trees_free
c3e1a264 t huft_build
c3e1a820 t inflate_trees_fixed
c3e1a9f8 t inflate_codes_new
c3e1aa48 t inflate_codes_free
c3e1aa68 t inflate_blocks_reset
c3e1ab30 T inflateEnd
c3e1abc4 T inflateReset
c3e1ac24 T inflateSync
c3e1ad24 T inflateInit2
c3e1ae68 T inflateInit
c3e1ae70 T adler32
c3e1afe4 T inflateIncomp
c3e1b10c t inflate_flush
c3e1b278 T inflate
c3e1cf28 t td_alloc
c3e1cf64 T rh_check_port_status
c3e1cf6c T submit_common_msg
c3e1cf74 T submit_bulk_msg
c3e1cf7c T submit_control_msg
c3e1cf84 T submit_int_msg
c3e1cf8c T usb_lowlevel_init
c3e1cf94 T usb_lowlevel_stop
c3e1cf9c t T.59
c3e1cfdc t T.60
c3e1d084 T sohci_submit_job
c3e1d5c8 T s3c_usb_phy_off
c3e1d5f4 T s3c_usb_core_soft_reset
c3e1d614 T s3c_usb_init_core
c3e1d630 T s3c_usb_check_current_mode
c3e1d644 T s3c_usb_set_soft_disconnect
c3e1d658 T s3c_usb_clear_soft_disconnect
c3e1d66c T s3c_usb_init_device
c3e1d694 T s3c_usbc_activate
c3e1d69c T s3c_usb_stop
c3e1d6b0 T s3c_usb_set_inep_xfersize
c3e1d6dc T s3c_usb_set_outep_xfersize
c3e1d70c T s3c_usb_write_ep0_fifo
c3e1d75c T s3c_usb_write_in_fifo
c3e1d7ac T s3c_usb_read_out_fifo
c3e1d7f8 T s3c_usb_get_desc
c3e1d904 T s3c_usb_clear_feature
c3e1d974 T s3c_usb_set_feature
c3e1dac8 T s3c_usb_get_status
c3e1db60 T s3c_usb_ep0_int_hndlr
c3e1dce8 T s3c_usb_set_otherspeed_conf_desc
c3e1ddd0 T s3c_usb_transfer_ep0
c3e1e65c T s3c_usb_int_bulkin
c3e1e720 T s3c_usb_upload_start
c3e1e870 T s3c_usb_download_start
c3e1e98c T s3c_usb_dma_in_done
c3e1ea24 T s3c_usb_set_all_outep_nak
c3e1ea4c T s3c_usb_clear_all_outep_nak
c3e1ea74 T s3c_usb_set_max_pktsize
c3e1eab0 T s3c_usb_set_endpoint
c3e1eaf0 T s3c_usb_set_descriptors
c3e1ec40 T s3c_usb_check_speed
c3e1ec58 T s3c_usb_clear_dnfile_info
c3e1ec74 T s3c_usb_clear_upfile_info
c3e1ec90 T s3c_usb_check_setconf
c3e1eca8 T s3c_usb_set_opmode
c3e1ed14 T s3c_usb_reset
c3e1ed70 T s3c_usb_set_init
c3e1edcc T s3c_usb_verify_checksum
c3e1ee74 T s3c_usb_download_continue
c3e1ef1c T s3c_usb_int_bulkout
c3e1ef44 T s3c_usb_pkt_receive
c3e1efb8 T s3c_usb_print_pkt
c3e1f004 T s3c_usb_dma_out_done
c3e1f0a8 T s3c_usb_transfer
c3e1f1a0 T s3c_udc_int_hndlr
c3e1f23c T s3c_usb_wait_cable_insert
c3e1f288 T s3c_usb_init_phy
c3e1f2c8 T s3c_usbctl_init
c3e1f350 T fboot_usb_phy_off
c3e1f37c T fboot_usb_core_soft_reset
c3e1f39c T fboot_usb_init_core
c3e1f3b8 T fboot_usb_check_current_mode
c3e1f3cc T fboot_usb_set_soft_disconnect
c3e1f3e0 T fboot_usb_clear_soft_disconnect
c3e1f3f4 T fboot_usb_init_device
c3e1f41c T fboot_usbc_activate
c3e1f424 T fboot_usb_stop
c3e1f438 T fboot_usb_set_inep_xfersize
c3e1f464 T fboot_usb_set_outep_xfersize
c3e1f494 T fboot_usb_write_ep0_fifo
c3e1f4e4 T fboot_usb_write_in_fifo
c3e1f534 T fboot_usb_read_out_fifo
c3e1f580 T fboot_usb_get_desc
c3e1f6a0 T fboot_usb_clear_feature
c3e1f710 T fboot_usb_set_feature
c3e1f864 T fboot_usb_get_status
c3e1f8fc T fboot_usb_ep0_int_hndlr
c3e1fa84 T fboot_usb_set_otherspeed_conf_desc
c3e1fb6c T fboot_usb_transfer_ep0
c3e20418 T fboot_usb_upload_start
c3e20568 T fboot_usb_download_start
c3e20684 T fboot_usb_dma_in_done
c3e2071c T fboot_usb_set_all_outep_nak
c3e20744 T fboot_usb_clear_all_outep_nak
c3e2076c T fboot_usb_set_max_pktsize
c3e207a8 T fboot_usb_set_endpoint
c3e207e8 T fboot_usb_set_descriptors
c3e2093c T fboot_usb_check_speed
c3e20954 T fboot_usb_clear_dnfile_info
c3e20970 T fboot_usb_clear_upfile_info
c3e2098c T fboot_usb_check_setconf
c3e209a4 T fboot_usb_set_opmode
c3e20a10 T fboot_usb_reset
c3e20a6c T fastboot_shutdown
c3e20a70 T fastboot_fifo_size
c3e20a8c T fastboot_getvar
c3e20a94 T fboot_usb_int_bulkin
c3e20b1c T fastboot_preboot
c3e20bb8 T fboot_usb_set_init
c3e20c14 T fboot_usb_verify_checksum
c3e20cb0 T fboot_usb_download_continue
c3e20d58 T fboot_usb_print_pkt
c3e20d98 T fboot_usb_dma_out_done
c3e20e3c T fboot_usb_transfer
c3e20f38 T fboot_usb_wait_cable_insert
c3e20f74 T fboot_usb_init_phy
c3e20fb4 T fboot_usbctl_init
c3e2103c T fastboot_init
c3e21114 T fboot_usb_int_bulkout
c3e211a0 T fboot_usb_pkt_receive
c3e21214 T fboot_usb_int_hndlr
c3e212cc T fastboot_poll
c3e2131c T fastboot_tx_status
c3e21368 T LCD_setfgcolor
c3e21378 T LCD_setleftcolor
c3e21388 T LCD_setprogress
c3e21434 T LCD_Initialize_NONAME1
c3e2143c T LCD_turnon
c3e21440 T __umodsi3
c3e21454 t Loop1
c3e21468 t Lbignum
c3e2147c t Loop3
c3e214e4 t Ldiv0
c3e214f4 T setup_mtdpartition_tag
c3e215a8 T do_bootm_linux
c3e21800 T flush_cache
c3e21804 t downcase
c3e21830 T disk_read
c3e2187c t setstr
c3e218ac t dirdelim
c3e218e0 t compare_sign
c3e21910 t get_fatent
c3e21a6c t slot2str
c3e21b30 t mkcksum
c3e21b60 t read_bootsectandvi
c3e21c54 T file_fat_detectfs
c3e21da0 t get_cluster
c3e21e44 t get_vfatname
c3e21fdc t get_name
c3e22098 T do_fat_read
c3e229a0 T file_fat_read
c3e229d8 T file_fat_ls
c3e229e8 T fat_register_device
c3e22af8 T fat_format_device
c3e23160 T get_random_val
c3e2317c T default_journal_size
c3e231bc T ext2fs_format
c3e25a54 T ext2fs_free_node
c3e25a74 T ext2fs_close
c3e25b28 t ext2fs_read_inode
c3e25bf0 T ext2fs_mount
c3e25ca0 T ext2fs_read_file
c3e26174 T ext2fs_read
c3e261ac t ext2fs_iterate_dir
c3e26424 T ext2fs_find_file1
c3e266b4 T ext2fs_find_file
c3e26734 T ext2fs_open
c3e267cc T ext2fs_ls
c3e26840 T ext2fs_devread
c3e26a14 T ext2fs_set_blk_dev
c3e26a60 T dev_print
c3e26c30 T get_partition_info
c3e26c54 T init_part
c3e26c70 T get_dev
c3e26cd4 T print_part
c3e26db0 t le32_to_int
c3e26dd4 t is_extended
c3e26df4 T test_part_dos
c3e26e48 t get_partition_info_extended
c3e27094 T get_partition_info_dos
c3e270b4 t print_partition_extended
c3e27280 T print_part_dos
c3e272ac T GregorianDay
c3e2739c T to_tm
c3e274a4 T mktime
c3e2753c T backlight_brigness_init
c3e27584 T lcd_port_init
c3e276ac T fb_init
c3e2779c T lcd_reg_init
c3e27bec T mpadfb_init
c3e27c14 T fb_soft_blit_bitmap
c3e27cd4 T fb_soft_fill_rect
c3e27d70 T fb_soft_unmap_color
c3e27d7c T fb_soft_map_color
c3e27d9c T get_bitmap_format
c3e27f84 T bitmap_destroy
c3e27fb8 T bitmap_load_from_picture
c3e28170 T bitmap_create
c3e28308 T display_logo
c3e284c0 t bitmap_blit_replace_directN
c3e28530 T common_bitmap_blit
c3e291bc T common_bitmap_fill_rect
c3e29420 T rect_set
c3e2942c T rect_intersect
c3e294b8 T rect_align
c3e29784 T fb_map_color
c3e297c0 T fb_unmap_color
c3e297f0 T fb_fill_rect
c3e29828 T fb_blit_bitmap
c3e2987c T bitmap_blit
c3e29950 T bitmap_fill_rect
c3e299f8 T fb_get_viewport
c3e29a0c T fb_set_viewport
c3e29a20 T bitmap_map_color
c3e29ae4 T bitmap_unmap_color
c3e29bf8 T bitmap_get_pointer
c3e29c80 T bitmap_get_pixel
c3e29d5c T bitmap_set_pixel
c3e29e34 T bitmap_get_viewport
c3e29e6c T bitmap_set_viewport
c3e29ef0 T __div64_32
c3e29fe8 t div_mod_64
c3e2a080 T div64
c3e2a094 T mod64
c3e2a0b0 r C.30.2921
c3e2a130 R version_string
c3e2a170 r CSWTCH.74
c3e2a1bc r CSWTCH.77
c3e2a204 r CSWTCH.80
c3e2a228 r CSWTCH.83
c3e2a234 r CSWTCH.106
c3e2a28c r CSWTCH.56
c3e2a2ac r crc16_tab
c3e2a4ac r crc_table
c3e2a8ac r border
c3e2a8f8 r inflate_mask
c3e2a93c R config_full
c3e2a948 R config_full_total
c3e2a968 R config_high
c3e2a974 R config_high_total
c3e2a994 R qualifier_desc
c3e2a9a0 R string_desc0
c3e2a9a4 R string_desc1
c3e2a9bc R string_desc2
c3e2a9e8 R fboot_config_full
c3e2a9f4 R fboot_config_full_total
c3e2aa14 R fboot_config_high
c3e2aa20 R fboot_config_high_total
c3e2aa40 R fboot_qualifier_desc
c3e2aa4c R fboot_string_desc0
c3e2aa50 R fboot_string_desc1
c3e2aa68 R fboot_string_desc2
c3e2aa80 R string_desc3
c3e2aa9c r block_drvr
c3e2aaac r C.29.2568
c3e2aadc r default_xboot_logo
c3e53b64 D init_sequence
c3e53b98 D check_flash_flag
c3e53b9c D NetOurVLAN
c3e53ba0 D NetBcastAddr
c3e53ba6 D NetOurNativeVLAN
c3e53ba8 d TftpBlkSize
c3e53bac d nfs_offset
c3e53bb0 d cur_dev_num
c3e53bb4 d hist_cur
c3e53bb8 d uimage_os
c3e53c18 d uimage_arch
c3e53d08 d uimage_type
c3e53d80 d uimage_comp
c3e53db0 D load_addr
c3e53db4 D op_table
c3e53e1c d do_echo
c3e53e20 D dp_last_length
c3e53e24 D stdio_names
c3e53e30 d av_
c3e54238 d trim_threshold
c3e5423c d mmap_threshold
c3e54240 d sbrk_base
c3e54244 D default_environment
c3e58244 D default_environment_size
c3e58248 d blanks.3179
c3e58270 d reserved_list
c3e582f4 d interface
c3e58310 D env_name_spec
c3e58314 D _ctype
c3e58414 d fixed_left
c3e58418 d cplens
c3e58494 d cplext
c3e58510 d cpdist
c3e58588 d cpdext
c3e58600 D zlib_version
c3e58604 D z_errmsg
c3e58624 D test_pkt
c3e5865c D fboot_test_pkt
c3e58694 D ptable_default
c3e58758 D ptable_default_size
c3e5875c d gFgColor
c3e58760 d gLeftColor
c3e58764 d cur_part
c3e58768 D indir1_blkno
c3e5876c D indir2_blkno
c3e58770 d month_days
c3e587a0 d lcd
c3e58814 d info
c3e58870 d s5pv210_fb
c3e58894 A __u_boot_cmd_start
c3e58894 D __u_boot_cmd_autoscr
c3e588ac D __u_boot_cmd_bdinfo
c3e588c4 D __u_boot_cmd_go
c3e588dc D __u_boot_cmd_reset
c3e588f4 D __u_boot_cmd_re
c3e5890c D __u_boot_cmd_bootm
c3e58924 D __u_boot_cmd_boot
c3e5893c D __u_boot_cmd_bootd
c3e58954 D __u_boot_cmd_iminfo
c3e5896c D __u_boot_cmd_imls
c3e58984 D __u_boot_cmd_icache
c3e5899c D __u_boot_cmd_dcache
c3e589b4 D __u_boot_cmd_coninfo
c3e589cc D __u_boot_cmd_bootelf
c3e589e4 D __u_boot_cmd_bootvx
c3e589fc D __u_boot_cmd_ext2ls
c3e58a14 D __u_boot_cmd_ext2load
c3e58a2c D __u_boot_cmd_ext2format
c3e58a44 D __u_boot_cmd_ext3format
c3e58a5c D __u_boot_cmd_fatload
c3e58a74 D __u_boot_cmd_fatls
c3e58a8c D __u_boot_cmd_fatinfo
c3e58aa4 D __u_boot_cmd_fatformat
c3e58abc D __u_boot_cmd_flinfo
c3e58ad4 D __u_boot_cmd_erase
c3e58aec D __u_boot_cmd_protect
c3e58b04 D __u_boot_cmd_itest
c3e58b1c D __u_boot_cmd_loads
c3e58b34 D __u_boot_cmd_loadb
c3e58b4c D __u_boot_cmd_loady
c3e58b64 D __u_boot_cmd_md
c3e58b7c D __u_boot_cmd_mm
c3e58b94 D __u_boot_cmd_nm
c3e58bac D __u_boot_cmd_mw
c3e58bc4 D __u_boot_cmd_cp
c3e58bdc D __u_boot_cmd_cmp
c3e58bf4 D __u_boot_cmd_crc32
c3e58c0c D __u_boot_cmd_base
c3e58c24 D __u_boot_cmd_loop
c3e58c3c D __u_boot_cmd_mtest
c3e58c54 D __u_boot_cmd_sleep
c3e58c6c D __u_boot_cmd_mmcinfo
c3e58c84 D __u_boot_cmd_mmc
c3e58c9c D __u_boot_cmd_bootp
c3e58cb4 D __u_boot_cmd_tftpboot
c3e58ccc D __u_boot_cmd_rarpboot
c3e58ce4 D __u_boot_cmd_dhcp
c3e58cfc D __u_boot_cmd_nfs
c3e58d14 D __u_boot_cmd_ping
c3e58d2c D __u_boot_cmd_printenv
c3e58d44 D __u_boot_cmd_setenv
c3e58d5c D __u_boot_cmd_saveenv
c3e58d74 D __u_boot_cmd_run
c3e58d8c D __u_boot_cmd_reginfo
c3e58da4 D __u_boot_cmd_dnw
c3e58dbc D __u_boot_cmd_imxtract
c3e58dd4 D __u_boot_cmd_version
c3e58dec D __u_boot_cmd_echo
c3e58e04 D __u_boot_cmd_test
c3e58e1c D __u_boot_cmd_exit
c3e58e34 D __u_boot_cmd_help
c3e58e4c D __u_boot_cmd_question_mark
c3e58e64 D __u_boot_cmd_movi
c3e58e7c D __u_boot_cmd_fastboot
c3e58e94 D __u_boot_cmd_sdfuse
c3e58eac D __u_boot_cmd_fdisk
c3e58ec4 A __u_boot_cmd_end
c3e5c000 R mmu_table
c3e60000 A __bss_start
c3e60000 b timestamp
c3e60004 b lastdec
c3e60008 B timer_load_val
c3e6000c b mem_malloc_brk
c3e60010 b mem_malloc_start
c3e60014 b mem_malloc_end
c3e60018 B monitor_flash_len
c3e6001c B NetState
c3e60020 b packetHandler
c3e60024 B NetIPID
c3e60028 B NetOurIP
c3e6002c B NetOurEther
c3e60034 B NetPingIP
c3e60038 B NetTxPacket
c3e6003c B NetArpWaitPacketIP
c3e60040 B NetOurSubnetMask
c3e60044 B NetOurGatewayIP
c3e60048 B NetArpWaitReplyIP
c3e6004c B NetRxPkt
c3e60050 B NetRxPktLen
c3e60054 B NetArpWaitPacketMAC
c3e60058 B NetArpWaitTxPacket
c3e6005c B NetArpWaitTxPacketSize
c3e60060 B NetServerIP
c3e60064 B NetServerEther
c3e6006c b mac.3134
c3e60074 B NetEtherNullAddr
c3e6007a b PingSeqNo
c3e6007c B NetArpWaitTry
c3e60080 B NetArpWaitTimerStart
c3e60084 b timeHandler
c3e60088 b timeStart
c3e6008c b timeDelta
c3e60090 B PktBuf
c3e61eb0 B NetRxPackets
c3e61ec0 B NetArpWaitPacketBuf
c3e624e0 B NetBootFileXferSize
c3e624e4 B NetOurDNSIP
c3e624e8 B NetOurNISDomain
c3e62508 B NetOurHostName
c3e62528 B NetOurRootPath
c3e62568 B NetBootFileSize
c3e6256c B BootFile
c3e625ec b TftpState
c3e625f0 b tftp_filename
c3e62670 b TftpBlock
c3e62674 b TftpServerIP
c3e62678 b TftpServerPort
c3e6267c b TftpOurPort
c3e62680 b default_filename
c3e62690 b TftpTimeoutCount
c3e62694 b TftpBlockWrap
c3e62698 b TftpBlockWrapOffset
c3e6269c b TftpLastBlock
c3e626a0 B dhcp_leasetime
c3e626a4 B NetDHCPServerIP
c3e626a8 B BootpID
c3e626ac B dhcp_state
c3e626b0 B BootpTry
c3e626b4 B RarpTry
c3e626b8 b rpc_id
c3e626bc b NfsSrvMountPort
c3e626c0 b NfsSrvNfsPort
c3e626c4 b fs_mounted
c3e626c8 b dirfh
c3e626e8 b filefh
c3e62708 b NfsServerIP
c3e6270c b NfsOurPort
c3e62710 b NfsState
c3e62714 b nfs_path
c3e62718 b nfs_filename
c3e6271c b nfs_len
c3e62720 b NfsDownloadState
c3e62724 b nfs_path_buff
c3e62f24 b default_filename
c3e62f64 b NfsTimeoutCount
c3e62f68 b mmc_devices
c3e62f70 B mmc_global
c3e62f7c B mmc_default
c3e62f80 B mmc_channel
c3e633c0 B mmc_host
c3e63490 b dm9000_info
c3e6353c b nfloor
c3e63540 b initted.3035
c3e63544 b hist_max
c3e63548 b hist_add_idx
c3e6354c B hist_num
c3e63550 B hist_lines
c3e64950 B hist_list
c3e649a0 B console_buffer
c3e64aa0 b images
c3e64af0 b os_data_state
c3e64af4 B os_data_count
c3e64af8 b os_data_addr
c3e64afc b bin_start_address
c3e64b00 b k_data_escape
c3e64b04 B os_data_init
c3e64b08 b k_data_escape_saved
c3e64b0c b os_data_state_saved
c3e64b10 b os_data_count_saved
c3e64b14 b os_data_addr_saved
c3e64b18 B os_data_char
c3e64b1c B his_quote
c3e64b20 B his_pad_count
c3e64b24 B his_pad_char
c3e64b25 B his_eol
c3e64b28 B send_ptr
c3e64b2c B send_parms
c3e64b40 b a_b
c3e64b58 b base_address
c3e64b5c B mm_last_addr
c3e64b60 B mm_last_size
c3e64b64 B dp_last_addr
c3e64b68 B dp_last_size
c3e64b6c b ctrlc_disabled
c3e64b70 b ctrlc_was_pressed
c3e64b74 B devlist
c3e64b78 B stdio_devices
c3e64b84 b top_pad
c3e64b88 b n_mmaps_max
c3e64b8c b current_mallinfo
c3e64bb4 b max_sbrked_mem
c3e64bb8 b max_total_mem
c3e64bbc b local.2839
c3e64bd4 b map
c3e64cd4 b top_vars
c3e64cd8 b flag_repeat
c3e64cdc b do_repeat
c3e64ce0 b the_command.2868
c3e64de0 b buf.3528
c3e64e08 B last_return_code
c3e64e0c b ifs
c3e64e10 B nesting_level
c3e64e14 b asynch_allowed
c3e64e18 b usb_dev
c3e71698 b usb_hub_index
c3e7169c b hub_dev
c3e7179c b dev_index
c3e717a0 B usb_started
c3e717a4 b setup_packet
c3e717ac b running
c3e717b0 b xyz
c3e71bec B raw_area_control
c3e71dec b download_size
c3e71df0 b download_bytes
c3e71df4 b download_error
c3e71df8 b pcount
c3e71dfc b ptable
c3e71fbc B env_ptr
c3e71fc0 B flash_info
c3e722a0 B ___strtok
c3e722a4 b fixed_mem
c3e73334 b fixed_lock
c3e73338 b fixed_built
c3e7333c b fixed_bl
c3e73340 b fixed_tl
c3e73344 b fixed_bd
c3e73348 b fixed_td
c3e73400 B ptd
c3e73404 B urb_priv
c3e734d8 b gohci
c3e735a0 B ohci_dev
c3e73740 B gtd
c3e74800 B ghcca
c3e74900 B phcca
c3e74904 B got_rhsc
c3e74908 B devgone
c3e74a00 B otg
c3e74a84 B remode_wakeup
c3e74a88 B get_status
c3e74a8e B config_value
c3e74a90 B get_intf
c3e74a94 B s3c_usbd_dn_addr
c3e74a98 B op_mode
c3e74a9c B s3c_usbd_dn_cnt
c3e74aa0 B s3c_receive_done
c3e74aa4 B speed
c3e74aa8 B s3c_got_header
c3e74aac B DNW
c3e74ab0 B fboot_otg
c3e74b34 B fboot_remode_wakeup
c3e74b38 B fboot_get_status
c3e74b3e B fboot_config_value
c3e74b40 B fboot_get_intf
c3e74b44 B fboot_usbd_dn_addr
c3e74b48 B fboot_response_flag
c3e74b4c B reply_msg
c3e74b50 B fboot_op_mode
c3e74b54 B fboot_usbd_dn_cnt
c3e74b58 B fboot_receive_done
c3e74b5c B fboot_speed
c3e74b60 b device_strings
c3e74b68 b serial_number.4452
c3e74b88 b fastboot_interface
c3e74b8c b fastboot_bulk_fifo
c3e74d90 B transfer_size
c3e74d94 B fboot_got_header
c3e74d98 B tx_msg_buf
c3e74d9c B total_dn_size
c3e74da0 b params
c3e74da4 b part_offset
c3e74da8 b cur_dev
c3e74dac B get_vfatname_block
c3e84dac B do_fat_read_block
c3e94dac B get_dentfromdir_block
c3ea4dac B ext2fs_root
c3ea4db0 B ext2fs_file
c3ea4db4 B indir1_block
c3ea4db8 B indir1_size
c3ea4dbc B indir2_block
c3ea4dc0 B indir2_size
c3ea4dc4 B symlinknest
c3ea4dc8 b part_info
c3ea4e14 b ext2fs_block_dev_desc
c3ea4e18 A _end
